Rebuild target 'Target 1'
assembling Startup.s...
compiling uart.c...
uart.h(20): warning:  #69-D: integer conversion resulted in truncation
uart.h(28): warning:  #1-D: last line of file ends without a newline
delay.h(25): warning:  #1-D: last line of file ends without a newline
uart.c(12): warning:  #177-D: variable "ch" was declared but never referenced
uart.c(12): warning:  #177-D: variable "h" was declared but never referenced
uart.c(13): warning:  #177-D: variable "i" was declared but never referenced
uart.c(13): warning:  #177-D: variable "sec" was declared but never referenced
uart.c(13): warning:  #177-D: variable "bps" was declared but never referenced
uart.c(13): warning:  #177-D: variable "k" was declared but never referenced
uart.c(13): warning:  #177-D: variable "ptr" was declared but never referenced
linking...
Program Size: Code=1860 RO-data=100 RW-data=0 ZI-data=1256  
FromELF: creating hex file...
"uart.axf" - 0 Error(s), 10 Warning(s).
Rebuild target 'Target 1'
assembling Startup.s...
compiling uart.c...
uart.h(20): warning:  #69-D: integer conversion resulted in truncation
uart.h(28): warning:  #1-D: last line of file ends without a newline
delay.h(25): warning:  #1-D: last line of file ends without a newline
uart.c(13): warning:  #177-D: variable "sec" was declared but never referenced
uart.c(13): warning:  #177-D: variable "bps" was declared but never referenced
linking...
Program Size: Code=1988 RO-data=16 RW-data=0 ZI-data=1256  
FromELF: creating hex file...
"uart2.axf" - 0 Error(s), 5 Warning(s).
Rebuild target 'Target 1'
assembling Startup.s...
compiling uart.c...
uart.h(20): warning:  #69-D: integer conversion resulted in truncation
uart.h(28): warning:  #1-D: last line of file ends without a newline
delay.h(25): warning:  #1-D: last line of file ends without a newline
uart.c(35): error:  #18: expected a ")"
uart.c(13): warning:  #177-D: variable "sec" was declared but never referenced
uart.c(13): warning:  #177-D: variable "bps" was declared but never referenced
Target not created
Build target 'Target 1'
compiling uart.c...
uart.h(20): warning:  #69-D: integer conversion resulted in truncation
uart.h(28): warning:  #1-D: last line of file ends without a newline
delay.h(25): warning:  #1-D: last line of file ends without a newline
uart.c(36): warning:  #69-D: integer conversion resulted in truncation
uart.c(37): warning:  #167-D: argument of type "u8 *" is incompatible with parameter of type "char *"
uart.c(13): warning:  #177-D: variable "sec" was declared but never referenced
uart.c(13): warning:  #177-D: variable "bps" was declared but never referenced
linking...
Program Size: Code=2020 RO-data=16 RW-data=0 ZI-data=2344  
FromELF: creating hex file...
"uart2.axf" - 0 Error(s), 7 Warning(s).
Rebuild target 'Target 1'
assembling Startup.s...
compiling uart.c...
uart.h(20): warning:  #69-D: integer conversion resulted in truncation
uart.h(28): warning:  #1-D: last line of file ends without a newline
delay.h(25): warning:  #1-D: last line of file ends without a newline
uart.c(36): error:  #18: expected a ")"
uart.c(37): warning:  #167-D: argument of type "u8 *" is incompatible with parameter of type "char *"
uart.c(13): warning:  #177-D: variable "sec" was declared but never referenced
uart.c(13): warning:  #177-D: variable "bps" was declared but never referenced
Target not created
Rebuild target 'Target 1'
assembling Startup.s...
compiling uart.c...
uart.h(20): warning:  #69-D: integer conversion resulted in truncation
uart.h(28): warning:  #1-D: last line of file ends without a newline
delay.h(25): warning:  #1-D: last line of file ends without a newline
uart.c(36): error:  #18: expected a ")"
uart.c(37): warning:  #167-D: argument of type "u8 *" is incompatible with parameter of type "char *"
uart.c(13): warning:  #177-D: variable "sec" was declared but never referenced
uart.c(13): warning:  #177-D: variable "bps" was declared but never referenced
Target not created
Rebuild target 'Target 1'
assembling Startup.s...
compiling uart.c...
uart.h(27): warning:  #69-D: integer conversion resulted in truncation
uart.h(35): warning:  #1-D: last line of file ends without a newline
delay.h(25): warning:  #1-D: last line of file ends without a newline
uart.c(36): error:  #18: expected a ")"
uart.c(37): warning:  #167-D: argument of type "u8 *" is incompatible with parameter of type "char *"
uart.c(13): warning:  #177-D: variable "sec" was declared but never referenced
uart.c(13): warning:  #177-D: variable "bps" was declared but never referenced
Target not created
Rebuild target 'Target 1'
assembling Startup.s...
compiling uart.c...
uart.h(27): warning:  #69-D: integer conversion resulted in truncation
uart.h(35): warning:  #1-D: last line of file ends without a newline
delay.h(25): warning:  #1-D: last line of file ends without a newline
uart.c(37): warning:  #167-D: argument of type "u8 *" is incompatible with parameter of type "char *"
uart.c(13): warning:  #177-D: variable "sec" was declared but never referenced
uart.c(13): warning:  #177-D: variable "bps" was declared but never referenced
linking...
Program Size: Code=2076 RO-data=16 RW-data=0 ZI-data=2344  
FromELF: creating hex file...
"uart2.axf" - 0 Error(s), 6 Warning(s).
Rebuild target 'Target 1'
assembling Startup.s...
compiling uart.c...
uart.h(27): warning:  #69-D: integer conversion resulted in truncation
uart.h(35): warning:  #1-D: last line of file ends without a newline
delay.h(25): warning:  #1-D: last line of file ends without a newline
uart.c(37): warning:  #167-D: argument of type "u8 *" is incompatible with parameter of type "char *"
uart.c(13): warning:  #177-D: variable "sec" was declared but never referenced
uart.c(13): warning:  #177-D: variable "bps" was declared but never referenced
linking...
Program Size: Code=2076 RO-data=16 RW-data=0 ZI-data=2344  
FromELF: creating hex file...
"uart2.axf" - 0 Error(s), 6 Warning(s).
Rebuild target 'Target 1'
assembling Startup.s...
compiling uart.c...
uart.h(27): warning:  #69-D: integer conversion resulted in truncation
uart.h(35): warning:  #1-D: last line of file ends without a newline
delay.h(25): warning:  #1-D: last line of file ends without a newline
uart.c(37): warning:  #167-D: argument of type "u8 *" is incompatible with parameter of type "char *"
uart.c(13): warning:  #177-D: variable "sec" was declared but never referenced
uart.c(13): warning:  #177-D: variable "bps" was declared but never referenced
linking...
Program Size: Code=2076 RO-data=16 RW-data=0 ZI-data=2344  
FromELF: creating hex file...
"uart2.axf" - 0 Error(s), 6 Warning(s).
Rebuild target 'Target 1'
assembling Startup.s...
compiling uart.c...
uart.h(27): warning:  #69-D: integer conversion resulted in truncation
uart.h(35): warning:  #1-D: last line of file ends without a newline
delay.h(25): warning:  #1-D: last line of file ends without a newline
uart.c(38): warning:  #167-D: argument of type "u8 *" is incompatible with parameter of type "char *"
uart.c(13): warning:  #177-D: variable "sec" was declared but never referenced
uart.c(13): warning:  #177-D: variable "bps" was declared but never referenced
linking...
Program Size: Code=2084 RO-data=16 RW-data=0 ZI-data=2344  
FromELF: creating hex file...
"uart2.axf" - 0 Error(s), 6 Warning(s).
Rebuild target 'Target 1'
assembling Startup.s...
compiling uart.c...
uart.h(27): warning:  #69-D: integer conversion resulted in truncation
uart.h(35): warning:  #1-D: last line of file ends without a newline
delay.h(25): warning:  #1-D: last line of file ends without a newline
uart.c(39): warning:  #167-D: argument of type "u8 *" is incompatible with parameter of type "char *"
uart.c(12): warning:  #177-D: variable "ch" was declared but never referenced
uart.c(12): warning:  #177-D: variable "h" was declared but never referenced
uart.c(13): warning:  #177-D: variable "i" was declared but never referenced
uart.c(13): warning:  #177-D: variable "sec" was declared but never referenced
uart.c(13): warning:  #177-D: variable "bps" was declared but never referenced
uart.c(13): warning:  #177-D: variable "k" was declared but never referenced
uart.c(13): warning:  #177-D: variable "ptr" was declared but never referenced
linking...
Program Size: Code=1944 RO-data=16 RW-data=0 ZI-data=2344  
FromELF: creating hex file...
"uart2.axf" - 0 Error(s), 11 Warning(s).
Rebuild target 'Target 1'
assembling Startup.s...
compiling uart.c...
uart.h(27): warning:  #69-D: integer conversion resulted in truncation
uart.h(35): warning:  #1-D: last line of file ends without a newline
delay.h(25): warning:  #1-D: last line of file ends without a newline
uart.c(39): warning:  #167-D: argument of type "u8 *" is incompatible with parameter of type "char *"
uart.c(12): warning:  #177-D: variable "ch" was declared but never referenced
uart.c(12): warning:  #177-D: variable "h" was declared but never referenced
uart.c(13): warning:  #177-D: variable "i" was declared but never referenced
uart.c(13): warning:  #177-D: variable "sec" was declared but never referenced
uart.c(13): warning:  #177-D: variable "bps" was declared but never referenced
uart.c(13): warning:  #177-D: variable "k" was declared but never referenced
uart.c(13): warning:  #177-D: variable "ptr" was declared but never referenced
linking...
Program Size: Code=1936 RO-data=16 RW-data=0 ZI-data=2344  
FromELF: creating hex file...
"uart2.axf" - 0 Error(s), 11 Warning(s).
Build target 'Target 1'
compiling uart.c...
uart.h(27): warning:  #69-D: integer conversion resulted in truncation
uart.h(35): warning:  #1-D: last line of file ends without a newline
delay.h(25): warning:  #1-D: last line of file ends without a newline
uart.c(37): warning:  #167-D: argument of type "u8 *" is incompatible with parameter of type "char *"
uart.c(12): warning:  #177-D: variable "ch" was declared but never referenced
uart.c(12): warning:  #177-D: variable "h" was declared but never referenced
uart.c(13): warning:  #177-D: variable "i" was declared but never referenced
uart.c(13): warning:  #177-D: variable "sec" was declared but never referenced
uart.c(13): warning:  #177-D: variable "bps" was declared but never referenced
uart.c(13): warning:  #177-D: variable "k" was declared but never referenced
uart.c(13): warning:  #177-D: variable "ptr" was declared but never referenced
linking...
Program Size: Code=1920 RO-data=16 RW-data=0 ZI-data=2344  
FromELF: creating hex file...
"uart2.axf" - 0 Error(s), 11 Warning(s).
Rebuild target 'Target 1'
assembling Startup.s...
compiling uart.c...
uart.h(27): warning:  #69-D: integer conversion resulted in truncation
uart.h(35): warning:  #1-D: last line of file ends without a newline
delay.h(25): warning:  #1-D: last line of file ends without a newline
uart.c(12): warning:  #177-D: variable "ch" was declared but never referenced
uart.c(12): warning:  #177-D: variable "h" was declared but never referenced
uart.c(13): warning:  #177-D: variable "i" was declared but never referenced
uart.c(13): warning:  #177-D: variable "sec" was declared but never referenced
uart.c(13): warning:  #177-D: variable "bps" was declared but never referenced
uart.c(13): warning:  #177-D: variable "k" was declared but never referenced
uart.c(13): warning:  #177-D: variable "ptr" was declared but never referenced
linking...
Program Size: Code=1920 RO-data=16 RW-data=0 ZI-data=2344  
FromELF: creating hex file...
"uart2.axf" - 0 Error(s), 10 Warning(s).
Rebuild target 'Target 1'
assembling Startup.s...
compiling uart.c...
uart.h(27): warning:  #69-D: integer conversion resulted in truncation
uart.h(35): warning:  #1-D: last line of file ends without a newline
delay.h(25): warning:  #1-D: last line of file ends without a newline
uart.c(13): warning:  #177-D: variable "sec" was declared but never referenced
uart.c(13): warning:  #177-D: variable "bps" was declared but never referenced
linking...
Program Size: Code=2060 RO-data=16 RW-data=0 ZI-data=2344  
FromELF: creating hex file...
"uart2.axf" - 0 Error(s), 5 Warning(s).
Rebuild target 'Target 1'
assembling Startup.s...
compiling uart.c...
uart.h(27): warning:  #69-D: integer conversion resulted in truncation
uart.h(35): warning:  #1-D: last line of file ends without a newline
delay.h(25): warning:  #1-D: last line of file ends without a newline
uart.c(13): warning:  #177-D: variable "sec" was declared but never referenced
uart.c(13): warning:  #177-D: variable "bps" was declared but never referenced
linking...
Program Size: Code=2060 RO-data=16 RW-data=0 ZI-data=2344  
FromELF: creating hex file...
"uart2.axf" - 0 Error(s), 5 Warning(s).
Rebuild target 'Target 1'
assembling Startup.s...
compiling uart.c...
uart.h(27): warning:  #69-D: integer conversion resulted in truncation
uart.h(35): warning:  #1-D: last line of file ends without a newline
delay.h(25): warning:  #1-D: last line of file ends without a newline
uart.c(13): warning:  #177-D: variable "sec" was declared but never referenced
uart.c(13): warning:  #177-D: variable "bps" was declared but never referenced
linking...
Program Size: Code=2076 RO-data=16 RW-data=0 ZI-data=2344  
FromELF: creating hex file...
"uart2.axf" - 0 Error(s), 5 Warning(s).
Rebuild target 'Target 1'
assembling Startup.s...
compiling uart.c...
uart.h(27): warning:  #69-D: integer conversion resulted in truncation
uart.h(35): warning:  #1-D: last line of file ends without a newline
delay.h(25): warning:  #1-D: last line of file ends without a newline
uart.c(13): warning:  #177-D: variable "sec" was declared but never referenced
uart.c(13): warning:  #177-D: variable "bps" was declared but never referenced
linking...
Program Size: Code=2076 RO-data=16 RW-data=0 ZI-data=2344  
FromELF: creating hex file...
"uart2.axf" - 0 Error(s), 5 Warning(s).
Rebuild target 'Target 1'
assembling Startup.s...
compiling uart.c...
uart.h(27): warning:  #69-D: integer conversion resulted in truncation
uart.h(35): warning:  #1-D: last line of file ends without a newline
delay.h(25): warning:  #1-D: last line of file ends without a newline
uart.c(13): warning:  #177-D: variable "sec" was declared but never referenced
uart.c(13): warning:  #177-D: variable "bps" was declared but never referenced
linking...
Program Size: Code=2076 RO-data=16 RW-data=0 ZI-data=2344  
FromELF: creating hex file...
"uart2.axf" - 0 Error(s), 5 Warning(s).
Rebuild target 'Target 1'
assembling Startup.s...
compiling uart.c...
uart.h(27): warning:  #69-D: integer conversion resulted in truncation
uart.h(35): warning:  #1-D: last line of file ends without a newline
delay.h(25): warning:  #1-D: last line of file ends without a newline
uart.c(13): warning:  #177-D: variable "sec" was declared but never referenced
uart.c(13): warning:  #177-D: variable "bps" was declared but never referenced
linking...
Program Size: Code=2076 RO-data=16 RW-data=0 ZI-data=2344  
FromELF: creating hex file...
"uart2.axf" - 0 Error(s), 5 Warning(s).
Rebuild target 'Target 1'
assembling Startup.s...
compiling uart.c...
uart.h(27): warning:  #69-D: integer conversion resulted in truncation
uart.h(35): warning:  #1-D: last line of file ends without a newline
delay.h(25): warning:  #1-D: last line of file ends without a newline
uart.c(12): warning:  #550-D: variable "ch" was set but never used
uart.c(13): warning:  #177-D: variable "sec" was declared but never referenced
uart.c(13): warning:  #177-D: variable "bps" was declared but never referenced
linking...
Program Size: Code=2068 RO-data=16 RW-data=0 ZI-data=2344  
FromELF: creating hex file...
"uart2.axf" - 0 Error(s), 6 Warning(s).
Rebuild target 'Target 1'
assembling Startup.s...
compiling uart.c...
uart.h(27): warning:  #69-D: integer conversion resulted in truncation
uart.h(35): warning:  #1-D: last line of file ends without a newline
delay.h(25): warning:  #1-D: last line of file ends without a newline
uart.c(36): warning:  #69-D: integer conversion resulted in truncation
uart.c(12): warning:  #550-D: variable "ch" was set but never used
uart.c(13): warning:  #177-D: variable "sec" was declared but never referenced
uart.c(13): warning:  #177-D: variable "bps" was declared but never referenced
linking...
Program Size: Code=2068 RO-data=16 RW-data=0 ZI-data=2344  
FromELF: creating hex file...
"uart2.axf" - 0 Error(s), 7 Warning(s).
Rebuild target 'Target 1'
assembling Startup.s...
compiling uart.c...
uart.h(27): warning:  #69-D: integer conversion resulted in truncation
uart.h(35): warning:  #1-D: last line of file ends without a newline
delay.h(25): warning:  #1-D: last line of file ends without a newline
uart.c(12): warning:  #550-D: variable "ch" was set but never used
uart.c(13): warning:  #177-D: variable "sec" was declared but never referenced
uart.c(13): warning:  #177-D: variable "bps" was declared but never referenced
linking...
Program Size: Code=2068 RO-data=16 RW-data=0 ZI-data=2344  
FromELF: creating hex file...
"uart2.axf" - 0 Error(s), 6 Warning(s).
Rebuild target 'Target 1'
assembling Startup.s...
compiling uart.c...
uart.h(27): warning:  #69-D: integer conversion resulted in truncation
uart.h(35): warning:  #1-D: last line of file ends without a newline
delay.h(25): warning:  #1-D: last line of file ends without a newline
uart.c(12): warning:  #550-D: variable "ch" was set but never used
uart.c(13): warning:  #177-D: variable "sec" was declared but never referenced
uart.c(13): warning:  #177-D: variable "bps" was declared but never referenced
linking...
Program Size: Code=2068 RO-data=16 RW-data=0 ZI-data=2344  
FromELF: creating hex file...
"uart2.axf" - 0 Error(s), 6 Warning(s).
Rebuild target 'Target 1'
assembling Startup.s...
compiling uart.c...
uart.h(27): warning:  #69-D: integer conversion resulted in truncation
uart.h(35): warning:  #1-D: last line of file ends without a newline
delay.h(25): warning:  #1-D: last line of file ends without a newline
uart.c(12): warning:  #177-D: variable "ch" was declared but never referenced
uart.c(13): warning:  #177-D: variable "sec" was declared but never referenced
uart.c(13): warning:  #177-D: variable "bps" was declared but never referenced
linking...
Program Size: Code=2060 RO-data=16 RW-data=0 ZI-data=2344  
FromELF: creating hex file...
"uart2.axf" - 0 Error(s), 6 Warning(s).
Rebuild target 'Target 1'
assembling Startup.s...
compiling uart.c...
uart.h(27): warning:  #69-D: integer conversion resulted in truncation
uart.h(35): warning:  #1-D: last line of file ends without a newline
delay.h(25): warning:  #1-D: last line of file ends without a newline
uart.c(12): warning:  #177-D: variable "ch" was declared but never referenced
uart.c(13): warning:  #177-D: variable "sec" was declared but never referenced
uart.c(13): warning:  #177-D: variable "bps" was declared but never referenced
linking...
Program Size: Code=2056 RO-data=16 RW-data=0 ZI-data=2344  
FromELF: creating hex file...
"uart2.axf" - 0 Error(s), 6 Warning(s).
Rebuild target 'Target 1'
assembling Startup.s...
compiling uart.c...
uart.h(27): warning:  #69-D: integer conversion resulted in truncation
uart.h(35): warning:  #1-D: last line of file ends without a newline
delay.h(25): warning:  #1-D: last line of file ends without a newline
uart.c(12): warning:  #177-D: variable "ch" was declared but never referenced
uart.c(13): warning:  #177-D: variable "sec" was declared but never referenced
uart.c(13): warning:  #177-D: variable "bps" was declared but never referenced
linking...
Program Size: Code=2080 RO-data=16 RW-data=0 ZI-data=2344  
FromELF: creating hex file...
"uart2.axf" - 0 Error(s), 6 Warning(s).
Rebuild target 'Target 1'
assembling Startup.s...
compiling uart.c...
uart.h(27): warning:  #69-D: integer conversion resulted in truncation
uart.h(35): warning:  #1-D: last line of file ends without a newline
delay.h(25): warning:  #1-D: last line of file ends without a newline
uart.c(13): warning:  #177-D: variable "sec" was declared but never referenced
uart.c(13): warning:  #177-D: variable "bps" was declared but never referenced
linking...
Program Size: Code=2096 RO-data=16 RW-data=0 ZI-data=2344  
FromELF: creating hex file...
"uart2.axf" - 0 Error(s), 5 Warning(s).
Rebuild target 'Target 1'
assembling Startup.s...
compiling uart.c...
uart.h(27): warning:  #69-D: integer conversion resulted in truncation
uart.h(35): warning:  #1-D: last line of file ends without a newline
delay.h(25): warning:  #1-D: last line of file ends without a newline
uart.c(13): warning:  #177-D: variable "sec" was declared but never referenced
uart.c(13): warning:  #177-D: variable "bps" was declared but never referenced
linking...
Program Size: Code=2072 RO-data=16 RW-data=0 ZI-data=2344  
FromELF: creating hex file...
"uart2.axf" - 0 Error(s), 5 Warning(s).
Rebuild target 'Target 1'
assembling Startup.s...
compiling uart.c...
uart.h(27): warning:  #69-D: integer conversion resulted in truncation
uart.h(35): warning:  #1-D: last line of file ends without a newline
delay.h(25): warning:  #1-D: last line of file ends without a newline
uart.c(13): warning:  #177-D: variable "sec" was declared but never referenced
uart.c(13): warning:  #177-D: variable "bps" was declared but never referenced
linking...
Program Size: Code=2072 RO-data=16 RW-data=0 ZI-data=2344  
FromELF: creating hex file...
"uart2.axf" - 0 Error(s), 5 Warning(s).
Rebuild target 'Target 1'
assembling Startup.s...
compiling uart.c...
uart.h(27): warning:  #69-D: integer conversion resulted in truncation
uart.h(35): warning:  #1-D: last line of file ends without a newline
delay.h(25): warning:  #1-D: last line of file ends without a newline
uart.c(13): warning:  #177-D: variable "sec" was declared but never referenced
uart.c(13): warning:  #177-D: variable "bps" was declared but never referenced
linking...
Program Size: Code=2072 RO-data=16 RW-data=0 ZI-data=2344  
FromELF: creating hex file...
"uart2.axf" - 0 Error(s), 5 Warning(s).
Rebuild target 'Target 1'
assembling Startup.s...
compiling uart.c...
uart.h(27): warning:  #69-D: integer conversion resulted in truncation
uart.h(35): warning:  #1-D: last line of file ends without a newline
delay.h(25): warning:  #1-D: last line of file ends without a newline
uart.c(13): warning:  #177-D: variable "sec" was declared but never referenced
uart.c(13): warning:  #177-D: variable "bps" was declared but never referenced
linking...
Program Size: Code=2072 RO-data=16 RW-data=0 ZI-data=2344  
FromELF: creating hex file...
"uart2.axf" - 0 Error(s), 5 Warning(s).
Rebuild target 'Target 1'
assembling Startup.s...
compiling uart.c...
uart.h(27): warning:  #69-D: integer conversion resulted in truncation
uart.h(35): warning:  #1-D: last line of file ends without a newline
delay.h(25): warning:  #1-D: last line of file ends without a newline
uart.c(12): warning:  #550-D: variable "ch" was set but never used
uart.c(13): warning:  #177-D: variable "sec" was declared but never referenced
uart.c(13): warning:  #177-D: variable "bps" was declared but never referenced
linking...
Program Size: Code=2064 RO-data=16 RW-data=0 ZI-data=2344  
FromELF: creating hex file...
"uart2.axf" - 0 Error(s), 6 Warning(s).
Rebuild target 'Target 1'
assembling Startup.s...
compiling uart.c...
uart.h(27): warning:  #69-D: integer conversion resulted in truncation
uart.h(35): warning:  #1-D: last line of file ends without a newline
delay.h(25): warning:  #1-D: last line of file ends without a newline
uart.c(12): warning:  #177-D: variable "ch" was declared but never referenced
uart.c(13): warning:  #177-D: variable "sec" was declared but never referenced
uart.c(13): warning:  #177-D: variable "bps" was declared but never referenced
linking...
Program Size: Code=2072 RO-data=16 RW-data=0 ZI-data=2344  
FromELF: creating hex file...
"uart2.axf" - 0 Error(s), 6 Warning(s).
Rebuild target 'Target 1'
assembling Startup.s...
compiling uart.c...
uart.h(27): warning:  #69-D: integer conversion resulted in truncation
uart.h(35): warning:  #1-D: last line of file ends without a newline
delay.h(25): warning:  #1-D: last line of file ends without a newline
uart.c(12): warning:  #177-D: variable "ch" was declared but never referenced
uart.c(13): warning:  #177-D: variable "sec" was declared but never referenced
uart.c(13): warning:  #177-D: variable "bps" was declared but never referenced
linking...
Program Size: Code=2076 RO-data=16 RW-data=0 ZI-data=2344  
FromELF: creating hex file...
"uart2.axf" - 0 Error(s), 6 Warning(s).
Rebuild target 'Target 1'
assembling Startup.s...
compiling uart.c...
uart.h(27): warning:  #69-D: integer conversion resulted in truncation
uart.h(35): warning:  #1-D: last line of file ends without a newline
delay.h(25): warning:  #1-D: last line of file ends without a newline
uart.c(12): warning:  #177-D: variable "ch" was declared but never referenced
uart.c(13): warning:  #177-D: variable "sec" was declared but never referenced
uart.c(13): warning:  #177-D: variable "bps" was declared but never referenced
linking...
Program Size: Code=2076 RO-data=16 RW-data=0 ZI-data=2344  
FromELF: creating hex file...
"uart2.axf" - 0 Error(s), 6 Warning(s).
Rebuild target 'Target 1'
assembling Startup.s...
compiling uart.c...
uart.h(27): warning:  #69-D: integer conversion resulted in truncation
uart.h(35): warning:  #1-D: last line of file ends without a newline
delay.h(25): warning:  #1-D: last line of file ends without a newline
uart.c(12): warning:  #177-D: variable "ch" was declared but never referenced
uart.c(13): warning:  #177-D: variable "sec" was declared but never referenced
uart.c(13): warning:  #177-D: variable "bps" was declared but never referenced
linking...
Program Size: Code=2076 RO-data=16 RW-data=0 ZI-data=2344  
FromELF: creating hex file...
"uart2.axf" - 0 Error(s), 6 Warning(s).
Rebuild target 'Target 1'
assembling Startup.s...
compiling uart.c...
uart.h(27): warning:  #69-D: integer conversion resulted in truncation
uart.h(35): warning:  #1-D: last line of file ends without a newline
delay.h(25): warning:  #1-D: last line of file ends without a newline
uart.c(35): warning:  #167-D: argument of type "u8 *" is incompatible with parameter of type "char *"
uart.c(12): warning:  #177-D: variable "ch" was declared but never referenced
uart.c(13): warning:  #177-D: variable "sec" was declared but never referenced
uart.c(13): warning:  #177-D: variable "bps" was declared but never referenced
linking...
Program Size: Code=2076 RO-data=16 RW-data=0 ZI-data=2344  
FromELF: creating hex file...
"uart2.axf" - 0 Error(s), 7 Warning(s).
Rebuild target 'Target 1'
assembling Startup.s...
compiling uart.c...
uart.h(27): warning:  #69-D: integer conversion resulted in truncation
uart.h(35): warning:  #1-D: last line of file ends without a newline
delay.h(25): warning:  #1-D: last line of file ends without a newline
uart.c(35): warning:  #167-D: argument of type "u8 *" is incompatible with parameter of type "char *"
uart.c(12): warning:  #177-D: variable "ch" was declared but never referenced
uart.c(13): warning:  #177-D: variable "sec" was declared but never referenced
uart.c(13): warning:  #177-D: variable "bps" was declared but never referenced
linking...
Program Size: Code=2076 RO-data=16 RW-data=0 ZI-data=2344  
FromELF: creating hex file...
"uart2.axf" - 0 Error(s), 7 Warning(s).
Build target 'Target 1'
compiling uart.c...
uart.h(27): warning:  #69-D: integer conversion resulted in truncation
uart.h(35): warning:  #1-D: last line of file ends without a newline
delay.h(25): warning:  #1-D: last line of file ends without a newline
uart.c(35): warning:  #167-D: argument of type "u8 *" is incompatible with parameter of type "char *"
uart.c(12): warning:  #177-D: variable "ch" was declared but never referenced
uart.c(13): warning:  #177-D: variable "sec" was declared but never referenced
uart.c(13): warning:  #177-D: variable "bps" was declared but never referenced
linking...
Program Size: Code=2080 RO-data=16 RW-data=0 ZI-data=1256  
FromELF: creating hex file...
"uart2.axf" - 0 Error(s), 7 Warning(s).
Rebuild target 'Target 1'
assembling Startup.s...
compiling uart.c...
uart.h(27): warning:  #69-D: integer conversion resulted in truncation
uart.h(35): warning:  #1-D: last line of file ends without a newline
delay.h(25): warning:  #1-D: last line of file ends without a newline
uart.c(35): warning:  #167-D: argument of type "u8 *" is incompatible with parameter of type "char *"
uart.c(12): warning:  #177-D: variable "ch" was declared but never referenced
uart.c(13): warning:  #177-D: variable "sec" was declared but never referenced
uart.c(13): warning:  #177-D: variable "bps" was declared but never referenced
linking...
Program Size: Code=2080 RO-data=16 RW-data=0 ZI-data=1256  
FromELF: creating hex file...
"uart2.axf" - 0 Error(s), 7 Warning(s).
Rebuild target 'Target 1'
assembling Startup.s...
compiling uart.c...
uart.h(27): warning:  #69-D: integer conversion resulted in truncation
uart.h(35): warning:  #1-D: last line of file ends without a newline
delay.h(25): warning:  #1-D: last line of file ends without a newline
uart.c(34): warning:  #167-D: argument of type "u8 *" is incompatible with parameter of type "char *"
uart.c(12): warning:  #177-D: variable "ch" was declared but never referenced
uart.c(13): warning:  #177-D: variable "sec" was declared but never referenced
uart.c(13): warning:  #177-D: variable "bps" was declared but never referenced
linking...
Program Size: Code=2064 RO-data=16 RW-data=0 ZI-data=2344  
FromELF: creating hex file...
"uart2.axf" - 0 Error(s), 7 Warning(s).
Rebuild target 'Target 1'
assembling Startup.s...
compiling uart.c...
uart.h(27): warning:  #69-D: integer conversion resulted in truncation
uart.h(35): warning:  #1-D: last line of file ends without a newline
delay.h(25): warning:  #1-D: last line of file ends without a newline
uart.c(34): warning:  #167-D: argument of type "u8 *" is incompatible with parameter of type "char *"
uart.c(12): warning:  #177-D: variable "ch" was declared but never referenced
uart.c(13): warning:  #177-D: variable "sec" was declared but never referenced
uart.c(13): warning:  #177-D: variable "bps" was declared but never referenced
linking...
Program Size: Code=2064 RO-data=16 RW-data=0 ZI-data=2344  
FromELF: creating hex file...
"uart2.axf" - 0 Error(s), 7 Warning(s).
Rebuild target 'Target 1'
assembling Startup.s...
compiling uart.c...
uart.h(27): warning:  #69-D: integer conversion resulted in truncation
uart.h(35): warning:  #1-D: last line of file ends without a newline
delay.h(25): warning:  #1-D: last line of file ends without a newline
uart.c(35): warning:  #167-D: argument of type "u8 *" is incompatible with parameter of type "char *"
uart.c(12): warning:  #177-D: variable "ch" was declared but never referenced
uart.c(13): warning:  #177-D: variable "sec" was declared but never referenced
uart.c(13): warning:  #177-D: variable "bps" was declared but never referenced
linking...
Program Size: Code=2088 RO-data=16 RW-data=0 ZI-data=2344  
FromELF: creating hex file...
"uart2.axf" - 0 Error(s), 7 Warning(s).
Rebuild target 'Target 1'
assembling Startup.s...
compiling uart.c...
uart.h(27): warning:  #69-D: integer conversion resulted in truncation
uart.h(35): warning:  #1-D: last line of file ends without a newline
delay.h(25): warning:  #1-D: last line of file ends without a newline
uart.c(35): warning:  #167-D: argument of type "u8 *" is incompatible with parameter of type "char *"
uart.c(12): warning:  #177-D: variable "ch" was declared but never referenced
uart.c(13): warning:  #177-D: variable "sec" was declared but never referenced
uart.c(13): warning:  #177-D: variable "bps" was declared but never referenced
linking...
Program Size: Code=2092 RO-data=16 RW-data=0 ZI-data=2344  
FromELF: creating hex file...
"uart2.axf" - 0 Error(s), 7 Warning(s).
Rebuild target 'Target 1'
assembling Startup.s...
compiling uart.c...
uart.h(27): warning:  #69-D: integer conversion resulted in truncation
uart.h(35): warning:  #1-D: last line of file ends without a newline
delay.h(25): warning:  #1-D: last line of file ends without a newline
uart.c(34): warning:  #167-D: argument of type "u8 *" is incompatible with parameter of type "char *"
uart.c(12): warning:  #177-D: variable "ch" was declared but never referenced
uart.c(13): warning:  #177-D: variable "sec" was declared but never referenced
uart.c(13): warning:  #177-D: variable "bps" was declared but never referenced
linking...
Program Size: Code=2068 RO-data=16 RW-data=0 ZI-data=2344  
FromELF: creating hex file...
"uart2.axf" - 0 Error(s), 7 Warning(s).
Rebuild target 'Target 1'
assembling Startup.s...
compiling uart.c...
uart.h(27): warning:  #69-D: integer conversion resulted in truncation
uart.h(35): warning:  #1-D: last line of file ends without a newline
delay.h(25): warning:  #1-D: last line of file ends without a newline
uart.c(34): warning:  #167-D: argument of type "u8 *" is incompatible with parameter of type "char *"
uart.c(12): warning:  #177-D: variable "ch" was declared but never referenced
uart.c(13): warning:  #177-D: variable "sec" was declared but never referenced
uart.c(13): warning:  #177-D: variable "bps" was declared but never referenced
linking...
Program Size: Code=2068 RO-data=16 RW-data=0 ZI-data=2344  
FromELF: creating hex file...
"uart2.axf" - 0 Error(s), 7 Warning(s).
Rebuild target 'Target 1'
assembling Startup.s...
compiling uart.c...
uart.h(27): warning:  #69-D: integer conversion resulted in truncation
uart.h(35): warning:  #1-D: last line of file ends without a newline
delay.h(25): warning:  #1-D: last line of file ends without a newline
uart.c(34): warning:  #167-D: argument of type "u8 *" is incompatible with parameter of type "char *"
uart.c(12): warning:  #177-D: variable "ch" was declared but never referenced
uart.c(13): warning:  #177-D: variable "sec" was declared but never referenced
uart.c(13): warning:  #177-D: variable "bps" was declared but never referenced
linking...
Program Size: Code=2076 RO-data=16 RW-data=0 ZI-data=2344  
FromELF: creating hex file...
"uart2.axf" - 0 Error(s), 7 Warning(s).
Rebuild target 'Target 1'
assembling Startup.s...
compiling uart.c...
uart.h(27): warning:  #69-D: integer conversion resulted in truncation
uart.h(35): warning:  #1-D: last line of file ends without a newline
delay.h(25): warning:  #1-D: last line of file ends without a newline
uart.c(34): warning:  #167-D: argument of type "u8 *" is incompatible with parameter of type "char *"
uart.c(12): warning:  #177-D: variable "ch" was declared but never referenced
uart.c(13): warning:  #177-D: variable "sec" was declared but never referenced
uart.c(13): warning:  #177-D: variable "bps" was declared but never referenced
linking...
Program Size: Code=2076 RO-data=16 RW-data=0 ZI-data=2344  
FromELF: creating hex file...
"uart2.axf" - 0 Error(s), 7 Warning(s).
Rebuild target 'Target 1'
assembling Startup.s...
compiling uart.c...
uart.h(27): warning:  #69-D: integer conversion resulted in truncation
uart.h(35): warning:  #1-D: last line of file ends without a newline
delay.h(25): warning:  #1-D: last line of file ends without a newline
uart.c(34): warning:  #167-D: argument of type "u8 *" is incompatible with parameter of type "char *"
uart.c(12): warning:  #177-D: variable "ch" was declared but never referenced
uart.c(13): warning:  #177-D: variable "sec" was declared but never referenced
uart.c(13): warning:  #177-D: variable "bps" was declared but never referenced
linking...
Program Size: Code=2076 RO-data=16 RW-data=0 ZI-data=2344  
FromELF: creating hex file...
"uart2.axf" - 0 Error(s), 7 Warning(s).
Rebuild target 'Target 1'
assembling Startup.s...
compiling uart.c...
uart.h(27): warning:  #69-D: integer conversion resulted in truncation
uart.h(35): warning:  #1-D: last line of file ends without a newline
delay.h(33): warning:  #1-D: last line of file ends without a newline
uart.c(34): warning:  #167-D: argument of type "u8 *" is incompatible with parameter of type "char *"
uart.c(12): warning:  #177-D: variable "ch" was declared but never referenced
uart.c(13): warning:  #177-D: variable "sec" was declared but never referenced
uart.c(13): warning:  #177-D: variable "bps" was declared but never referenced
linking...
Program Size: Code=2148 RO-data=16 RW-data=0 ZI-data=2344  
FromELF: creating hex file...
"uart2.axf" - 0 Error(s), 7 Warning(s).
Rebuild target 'Target 1'
assembling Startup.s...
compiling uart.c...
uart.h(27): warning:  #69-D: integer conversion resulted in truncation
uart.h(35): warning:  #1-D: last line of file ends without a newline
delay.h(33): warning:  #1-D: last line of file ends without a newline
uart.c(34): warning:  #167-D: argument of type "u8 *" is incompatible with parameter of type "char *"
uart.c(12): warning:  #177-D: variable "ch" was declared but never referenced
uart.c(13): warning:  #177-D: variable "sec" was declared but never referenced
uart.c(13): warning:  #177-D: variable "bps" was declared but never referenced
linking...
Program Size: Code=2148 RO-data=16 RW-data=0 ZI-data=2344  
FromELF: creating hex file...
"uart2.axf" - 0 Error(s), 7 Warning(s).
Rebuild target 'Target 1'
assembling Startup.s...
compiling uart.c...
uart.h(27): warning:  #69-D: integer conversion resulted in truncation
uart.h(35): warning:  #1-D: last line of file ends without a newline
delay.h(33): warning:  #1-D: last line of file ends without a newline
uart.c(34): warning:  #167-D: argument of type "u8 *" is incompatible with parameter of type "char *"
uart.c(12): warning:  #177-D: variable "ch" was declared but never referenced
uart.c(13): warning:  #177-D: variable "sec" was declared but never referenced
uart.c(13): warning:  #177-D: variable "bps" was declared but never referenced
linking...
Program Size: Code=2148 RO-data=16 RW-data=0 ZI-data=2344  
FromELF: creating hex file...
"uart2.axf" - 0 Error(s), 7 Warning(s).
Rebuild target 'Target 1'
assembling Startup.s...
compiling uart.c...
uart.h(27): warning:  #69-D: integer conversion resulted in truncation
uart.h(35): warning:  #1-D: last line of file ends without a newline
delay.h(33): warning:  #1-D: last line of file ends without a newline
uart.c(34): warning:  #167-D: argument of type "u8 *" is incompatible with parameter of type "char *"
uart.c(12): warning:  #177-D: variable "ch" was declared but never referenced
uart.c(13): warning:  #177-D: variable "sec" was declared but never referenced
uart.c(13): warning:  #177-D: variable "bps" was declared but never referenced
linking...
Program Size: Code=2148 RO-data=16 RW-data=0 ZI-data=2344  
FromELF: creating hex file...
"uart2.axf" - 0 Error(s), 7 Warning(s).
Rebuild target 'Target 1'
assembling Startup.s...
compiling uart.c...
uart.h(27): warning:  #69-D: integer conversion resulted in truncation
uart.h(35): warning:  #1-D: last line of file ends without a newline
delay.h(33): warning:  #1-D: last line of file ends without a newline
uart.c(34): warning:  #167-D: argument of type "u8 *" is incompatible with parameter of type "char *"
uart.c(12): warning:  #177-D: variable "ch" was declared but never referenced
uart.c(13): warning:  #177-D: variable "sec" was declared but never referenced
uart.c(13): warning:  #177-D: variable "bps" was declared but never referenced
linking...
Program Size: Code=2148 RO-data=16 RW-data=0 ZI-data=2344  
FromELF: creating hex file...
"uart2.axf" - 0 Error(s), 7 Warning(s).
Rebuild target 'Target 1'
assembling Startup.s...
compiling uart.c...
uart.h(27): warning:  #69-D: integer conversion resulted in truncation
uart.h(35): warning:  #1-D: last line of file ends without a newline
delay.h(33): warning:  #1-D: last line of file ends without a newline
uart.c(34): warning:  #167-D: argument of type "u8 *" is incompatible with parameter of type "char *"
uart.c(12): warning:  #177-D: variable "ch" was declared but never referenced
uart.c(13): warning:  #177-D: variable "sec" was declared but never referenced
uart.c(13): warning:  #177-D: variable "bps" was declared but never referenced
linking...
Program Size: Code=2148 RO-data=16 RW-data=0 ZI-data=2344  
FromELF: creating hex file...
"uart2.axf" - 0 Error(s), 7 Warning(s).
Rebuild target 'Target 1'
assembling Startup.s...
compiling uart.c...
uart.h(27): warning:  #69-D: integer conversion resulted in truncation
uart.h(35): warning:  #1-D: last line of file ends without a newline
delay.h(33): warning:  #1-D: last line of file ends without a newline
uart.c(34): warning:  #167-D: argument of type "u8 *" is incompatible with parameter of type "char *"
uart.c(12): warning:  #177-D: variable "ch" was declared but never referenced
uart.c(13): warning:  #177-D: variable "sec" was declared but never referenced
uart.c(13): warning:  #177-D: variable "bps" was declared but never referenced
linking...
Program Size: Code=2148 RO-data=16 RW-data=0 ZI-data=2344  
FromELF: creating hex file...
"uart2.axf" - 0 Error(s), 7 Warning(s).
Rebuild target 'Target 1'
assembling Startup.s...
compiling uart.c...
uart.h(27): warning:  #69-D: integer conversion resulted in truncation
uart.h(35): warning:  #1-D: last line of file ends without a newline
delay.h(33): warning:  #1-D: last line of file ends without a newline
uart.c(34): warning:  #167-D: argument of type "u8 *" is incompatible with parameter of type "char *"
uart.c(12): warning:  #177-D: variable "ch" was declared but never referenced
uart.c(13): warning:  #177-D: variable "sec" was declared but never referenced
uart.c(13): warning:  #177-D: variable "bps" was declared but never referenced
linking...
Program Size: Code=2148 RO-data=16 RW-data=0 ZI-data=2344  
FromELF: creating hex file...
"uart2.axf" - 0 Error(s), 7 Warning(s).
Rebuild target 'Target 1'
assembling Startup.s...
compiling uart.c...
uart.h(27): warning:  #69-D: integer conversion resulted in truncation
uart.h(35): warning:  #1-D: last line of file ends without a newline
delay.h(33): warning:  #1-D: last line of file ends without a newline
uart.c(34): warning:  #167-D: argument of type "u8 *" is incompatible with parameter of type "char *"
uart.c(12): warning:  #177-D: variable "ch" was declared but never referenced
uart.c(13): warning:  #177-D: variable "sec" was declared but never referenced
uart.c(13): warning:  #177-D: variable "bps" was declared but never referenced
linking...
Program Size: Code=2148 RO-data=16 RW-data=0 ZI-data=2344  
FromELF: creating hex file...
"uart2.axf" - 0 Error(s), 7 Warning(s).
Rebuild target 'Target 1'
assembling Startup.s...
compiling uart.c...
uart.h(27): warning:  #69-D: integer conversion resulted in truncation
uart.h(35): warning:  #1-D: last line of file ends without a newline
delay.h(33): warning:  #1-D: last line of file ends without a newline
uart.c(34): warning:  #167-D: argument of type "u8 *" is incompatible with parameter of type "char *"
uart.c(12): warning:  #177-D: variable "ch" was declared but never referenced
uart.c(13): warning:  #177-D: variable "sec" was declared but never referenced
uart.c(13): warning:  #177-D: variable "bps" was declared but never referenced
linking...
Program Size: Code=2148 RO-data=16 RW-data=0 ZI-data=2344  
FromELF: creating hex file...
"uart2.axf" - 0 Error(s), 7 Warning(s).
Rebuild target 'Target 1'
assembling Startup.s...
compiling uart.c...
uart.h(27): warning:  #69-D: integer conversion resulted in truncation
uart.h(35): warning:  #1-D: last line of file ends without a newline
delay.h(33): warning:  #1-D: last line of file ends without a newline
uart.c(34): warning:  #167-D: argument of type "u8 *" is incompatible with parameter of type "char *"
uart.c(12): warning:  #177-D: variable "ch" was declared but never referenced
uart.c(13): warning:  #177-D: variable "sec" was declared but never referenced
uart.c(13): warning:  #177-D: variable "bps" was declared but never referenced
linking...
Program Size: Code=2148 RO-data=16 RW-data=0 ZI-data=2344  
FromELF: creating hex file...
"uart2.axf" - 0 Error(s), 7 Warning(s).
Rebuild target 'Target 1'
assembling Startup.s...
compiling uart.c...
uart.h(27): warning:  #69-D: integer conversion resulted in truncation
uart.h(35): warning:  #1-D: last line of file ends without a newline
delay.h(33): warning:  #1-D: last line of file ends without a newline
uart.c(34): warning:  #167-D: argument of type "u8 *" is incompatible with parameter of type "char *"
uart.c(12): warning:  #177-D: variable "ch" was declared but never referenced
uart.c(13): warning:  #177-D: variable "sec" was declared but never referenced
uart.c(13): warning:  #177-D: variable "bps" was declared but never referenced
linking...
Program Size: Code=2148 RO-data=16 RW-data=0 ZI-data=2344  
FromELF: creating hex file...
"uart2.axf" - 0 Error(s), 7 Warning(s).
Rebuild target 'Target 1'
assembling Startup.s...
compiling uart.c...
uart.h(27): warning:  #69-D: integer conversion resulted in truncation
uart.h(35): warning:  #1-D: last line of file ends without a newline
delay.h(33): warning:  #1-D: last line of file ends without a newline
uart.c(34): warning:  #167-D: argument of type "u8 *" is incompatible with parameter of type "char *"
uart.c(12): warning:  #177-D: variable "ch" was declared but never referenced
uart.c(13): warning:  #177-D: variable "sec" was declared but never referenced
uart.c(13): warning:  #177-D: variable "bps" was declared but never referenced
linking...
Program Size: Code=2148 RO-data=16 RW-data=0 ZI-data=2344  
FromELF: creating hex file...
"uart2.axf" - 0 Error(s), 7 Warning(s).
Rebuild target 'Target 1'
assembling Startup.s...
compiling uart.c...
uart.h(27): warning:  #69-D: integer conversion resulted in truncation
uart.h(35): warning:  #1-D: last line of file ends without a newline
delay.h(33): warning:  #1-D: last line of file ends without a newline
uart.c(34): warning:  #167-D: argument of type "u8 *" is incompatible with parameter of type "char *"
uart.c(12): warning:  #177-D: variable "ch" was declared but never referenced
uart.c(13): warning:  #177-D: variable "sec" was declared but never referenced
uart.c(13): warning:  #177-D: variable "bps" was declared but never referenced
linking...
Program Size: Code=2148 RO-data=16 RW-data=0 ZI-data=2344  
FromELF: creating hex file...
"uart2.axf" - 0 Error(s), 7 Warning(s).
Rebuild target 'Target 1'
assembling Startup.s...
compiling uart.c...
uart.h(27): warning:  #69-D: integer conversion resulted in truncation
uart.h(35): warning:  #1-D: last line of file ends without a newline
delay.h(33): warning:  #1-D: last line of file ends without a newline
uart.c(34): warning:  #167-D: argument of type "u8 *" is incompatible with parameter of type "char *"
uart.c(12): warning:  #177-D: variable "ch" was declared but never referenced
uart.c(13): warning:  #177-D: variable "sec" was declared but never referenced
uart.c(13): warning:  #177-D: variable "bps" was declared but never referenced
linking...
Program Size: Code=2148 RO-data=16 RW-data=0 ZI-data=2344  
FromELF: creating hex file...
"uart2.axf" - 0 Error(s), 7 Warning(s).
Rebuild target 'Target 1'
assembling Startup.s...
compiling uart.c...
uart.h(27): warning:  #69-D: integer conversion resulted in truncation
uart.h(35): warning:  #1-D: last line of file ends without a newline
delay.h(33): warning:  #1-D: last line of file ends without a newline
uart.c(34): warning:  #167-D: argument of type "u8 *" is incompatible with parameter of type "char *"
uart.c(12): warning:  #177-D: variable "ch" was declared but never referenced
uart.c(13): warning:  #177-D: variable "sec" was declared but never referenced
uart.c(13): warning:  #177-D: variable "bps" was declared but never referenced
linking...
Program Size: Code=2148 RO-data=16 RW-data=0 ZI-data=2344  
FromELF: creating hex file...
"uart2.axf" - 0 Error(s), 7 Warning(s).
Rebuild target 'Target 1'
assembling Startup.s...
compiling uart.c...
uart.h(27): warning:  #69-D: integer conversion resulted in truncation
uart.h(35): warning:  #1-D: last line of file ends without a newline
delay.h(33): warning:  #1-D: last line of file ends without a newline
uart.c(34): warning:  #167-D: argument of type "u8 *" is incompatible with parameter of type "char *"
uart.c(12): warning:  #177-D: variable "ch" was declared but never referenced
uart.c(13): warning:  #177-D: variable "sec" was declared but never referenced
uart.c(13): warning:  #177-D: variable "bps" was declared but never referenced
linking...
Program Size: Code=2132 RO-data=16 RW-data=0 ZI-data=2344  
FromELF: creating hex file...
"uart2.axf" - 0 Error(s), 7 Warning(s).
Rebuild target 'Target 1'
assembling Startup.s...
compiling uart.c...
uart.h(27): warning:  #69-D: integer conversion resulted in truncation
uart.h(35): warning:  #1-D: last line of file ends without a newline
delay.h(33): warning:  #1-D: last line of file ends without a newline
uart.c(34): warning:  #167-D: argument of type "u8 *" is incompatible with parameter of type "char *"
uart.c(12): warning:  #177-D: variable "ch" was declared but never referenced
uart.c(13): warning:  #177-D: variable "sec" was declared but never referenced
uart.c(13): warning:  #177-D: variable "bps" was declared but never referenced
linking...
Program Size: Code=2148 RO-data=16 RW-data=0 ZI-data=2344  
FromELF: creating hex file...
"uart2.axf" - 0 Error(s), 7 Warning(s).
Rebuild target 'Target 1'
assembling Startup.s...
compiling uart.c...
uart.h(27): warning:  #69-D: integer conversion resulted in truncation
uart.h(35): warning:  #1-D: last line of file ends without a newline
delay.h(33): warning:  #1-D: last line of file ends without a newline
uart.c(34): warning:  #167-D: argument of type "u8 *" is incompatible with parameter of type "char *"
uart.c(12): warning:  #177-D: variable "ch" was declared but never referenced
uart.c(13): warning:  #177-D: variable "sec" was declared but never referenced
uart.c(13): warning:  #177-D: variable "bps" was declared but never referenced
linking...
Program Size: Code=2148 RO-data=16 RW-data=0 ZI-data=2344  
FromELF: creating hex file...
"uart2.axf" - 0 Error(s), 7 Warning(s).
Rebuild target 'Target 1'
assembling Startup.s...
compiling uart.c...
uart.h(27): warning:  #69-D: integer conversion resulted in truncation
uart.h(35): warning:  #1-D: last line of file ends without a newline
delay.h(33): warning:  #1-D: last line of file ends without a newline
uart.c(12): warning:  #177-D: variable "ch" was declared but never referenced
uart.c(12): warning:  #177-D: variable "h" was declared but never referenced
uart.c(13): warning:  #177-D: variable "i" was declared but never referenced
uart.c(13): warning:  #177-D: variable "sec" was declared but never referenced
uart.c(13): warning:  #177-D: variable "bps" was declared but never referenced
uart.c(13): warning:  #177-D: variable "k" was declared but never referenced
uart.c(13): warning:  #177-D: variable "ptr" was declared but never referenced
linking...
Program Size: Code=2016 RO-data=16 RW-data=0 ZI-data=2344  
FromELF: creating hex file...
"uart2.axf" - 0 Error(s), 10 Warning(s).
Rebuild target 'Target 1'
assembling Startup.s...
compiling uart.c...
uart.h(27): warning:  #69-D: integer conversion resulted in truncation
uart.h(35): warning:  #1-D: last line of file ends without a newline
delay.h(33): warning:  #1-D: last line of file ends without a newline
uart.c(12): warning:  #177-D: variable "ch" was declared but never referenced
uart.c(12): warning:  #177-D: variable "h" was declared but never referenced
uart.c(13): warning:  #177-D: variable "i" was declared but never referenced
uart.c(13): warning:  #177-D: variable "sec" was declared but never referenced
uart.c(13): warning:  #177-D: variable "bps" was declared but never referenced
uart.c(13): warning:  #177-D: variable "k" was declared but never referenced
uart.c(13): warning:  #177-D: variable "ptr" was declared but never referenced
linking...
Program Size: Code=2016 RO-data=16 RW-data=0 ZI-data=2344  
FromELF: creating hex file...
"uart2.axf" - 0 Error(s), 10 Warning(s).
Rebuild target 'Target 1'
assembling Startup.s...
compiling uart.c...
uart.h(27): warning:  #69-D: integer conversion resulted in truncation
uart.h(35): warning:  #1-D: last line of file ends without a newline
delay.h(33): warning:  #1-D: last line of file ends without a newline
uart.c(16): error:  #8: missing closing quote
uart.c(17): error:  #165: too few arguments in function call
uart.c(17): error:  #18: expected a ")"
uart.c(12): warning:  #177-D: variable "ch" was declared but never referenced
uart.c(12): warning:  #177-D: variable "h" was declared but never referenced
uart.c(12): warning:  #177-D: variable "p" was declared but never referenced
uart.c(13): warning:  #177-D: variable "i" was declared but never referenced
uart.c(13): warning:  #177-D: variable "sec" was declared but never referenced
uart.c(13): warning:  #177-D: variable "bps" was declared but never referenced
uart.c(13): warning:  #177-D: variable "k" was declared but never referenced
uart.c(13): warning:  #177-D: variable "ptr" was declared but never referenced
Target not created
Build target 'Target 1'
compiling uart.c...
uart.h(27): warning:  #69-D: integer conversion resulted in truncation
uart.h(35): warning:  #1-D: last line of file ends without a newline
delay.h(33): warning:  #1-D: last line of file ends without a newline
uart.c(16): warning:  #69-D: integer conversion resulted in truncation
uart.c(17): warning:  #69-D: integer conversion resulted in truncation
uart.c(12): warning:  #177-D: variable "ch" was declared but never referenced
uart.c(12): warning:  #177-D: variable "h" was declared but never referenced
uart.c(13): warning:  #177-D: variable "i" was declared but never referenced
uart.c(13): warning:  #177-D: variable "sec" was declared but never referenced
uart.c(13): warning:  #177-D: variable "bps" was declared but never referenced
uart.c(13): warning:  #177-D: variable "k" was declared but never referenced
uart.c(13): warning:  #177-D: variable "ptr" was declared but never referenced
linking...
Program Size: Code=2012 RO-data=1024 RW-data=0 ZI-data=2344  
FromELF: creating hex file...
"uart2.axf" - 0 Error(s), 12 Warning(s).
Rebuild target 'Target 1'
assembling Startup.s...
compiling uart.c...
uart.h(27): warning:  #69-D: integer conversion resulted in truncation
uart.h(35): warning:  #1-D: last line of file ends without a newline
delay.h(33): warning:  #1-D: last line of file ends without a newline
uart.c(16): warning:  #69-D: integer conversion resulted in truncation
uart.c(17): warning:  #69-D: integer conversion resulted in truncation
uart.c(12): warning:  #177-D: variable "ch" was declared but never referenced
uart.c(12): warning:  #177-D: variable "h" was declared but never referenced
uart.c(13): warning:  #177-D: variable "i" was declared but never referenced
uart.c(13): warning:  #177-D: variable "sec" was declared but never referenced
uart.c(13): warning:  #177-D: variable "bps" was declared but never referenced
uart.c(13): warning:  #177-D: variable "k" was declared but never referenced
uart.c(13): warning:  #177-D: variable "ptr" was declared but never referenced
linking...
Program Size: Code=2012 RO-data=1024 RW-data=0 ZI-data=2344  
FromELF: creating hex file...
"uart2.axf" - 0 Error(s), 12 Warning(s).
Rebuild target 'Target 1'
assembling Startup.s...
compiling uart.c...
uart.h(27): warning:  #69-D: integer conversion resulted in truncation
uart.h(35): warning:  #1-D: last line of file ends without a newline
delay.h(33): warning:  #1-D: last line of file ends without a newline
uart.c(34): warning:  #167-D: argument of type "u8 *" is incompatible with parameter of type "char *"
uart.c(12): warning:  #177-D: variable "ch" was declared but never referenced
uart.c(13): warning:  #177-D: variable "sec" was declared but never referenced
uart.c(13): warning:  #177-D: variable "bps" was declared but never referenced
linking...
Program Size: Code=2148 RO-data=16 RW-data=0 ZI-data=2344  
FromELF: creating hex file...
"uart2.axf" - 0 Error(s), 7 Warning(s).
Rebuild target 'Target 1'
assembling Startup.s...
compiling uart.c...
uart.h(27): warning:  #69-D: integer conversion resulted in truncation
uart.h(35): warning:  #1-D: last line of file ends without a newline
delay.h(33): warning:  #1-D: last line of file ends without a newline
uart.c(34): warning:  #167-D: argument of type "u8 *" is incompatible with parameter of type "char *"
uart.c(12): warning:  #177-D: variable "ch" was declared but never referenced
uart.c(13): warning:  #177-D: variable "sec" was declared but never referenced
uart.c(13): warning:  #177-D: variable "bps" was declared but never referenced
linking...
Program Size: Code=2148 RO-data=16 RW-data=0 ZI-data=2344  
FromELF: creating hex file...
"uart2.axf" - 0 Error(s), 7 Warning(s).
Rebuild target 'Target 1'
assembling Startup.s...
compiling uart.c...
uart.h(27): warning:  #69-D: integer conversion resulted in truncation
uart.h(35): warning:  #1-D: last line of file ends without a newline
delay.h(33): warning:  #1-D: last line of file ends without a newline
uart.c(34): warning:  #167-D: argument of type "u8 *" is incompatible with parameter of type "char *"
uart.c(12): warning:  #177-D: variable "ch" was declared but never referenced
uart.c(13): warning:  #177-D: variable "sec" was declared but never referenced
uart.c(13): warning:  #177-D: variable "bps" was declared but never referenced
linking...
Program Size: Code=2144 RO-data=16 RW-data=0 ZI-data=2344  
FromELF: creating hex file...
"uart2.axf" - 0 Error(s), 7 Warning(s).
Rebuild target 'Target 1'
assembling Startup.s...
compiling uart.c...
uart.h(27): warning:  #69-D: integer conversion resulted in truncation
uart.h(35): warning:  #1-D: last line of file ends without a newline
delay.h(33): warning:  #1-D: last line of file ends without a newline
uart.c(34): warning:  #167-D: argument of type "u8 *" is incompatible with parameter of type "char *"
uart.c(12): warning:  #177-D: variable "ch" was declared but never referenced
uart.c(13): warning:  #177-D: variable "sec" was declared but never referenced
uart.c(13): warning:  #177-D: variable "bps" was declared but never referenced
linking...
Program Size: Code=2144 RO-data=16 RW-data=0 ZI-data=2344  
FromELF: creating hex file...
"uart2.axf" - 0 Error(s), 7 Warning(s).
Rebuild target 'Target 1'
assembling Startup.s...
compiling uart.c...
uart.h(27): warning:  #69-D: integer conversion resulted in truncation
uart.h(35): warning:  #1-D: last line of file ends without a newline
delay.h(33): warning:  #1-D: last line of file ends without a newline
uart.c(34): warning:  #167-D: argument of type "u8 *" is incompatible with parameter of type "char *"
uart.c(12): warning:  #177-D: variable "ch" was declared but never referenced
uart.c(13): warning:  #177-D: variable "sec" was declared but never referenced
uart.c(13): warning:  #177-D: variable "bps" was declared but never referenced
linking...
Program Size: Code=2148 RO-data=16 RW-data=0 ZI-data=2344  
FromELF: creating hex file...
"uart2.axf" - 0 Error(s), 7 Warning(s).
Rebuild target 'Target 1'
assembling Startup.s...
compiling uart.c...
uart.h(27): warning:  #69-D: integer conversion resulted in truncation
uart.h(35): warning:  #1-D: last line of file ends without a newline
delay.h(33): warning:  #1-D: last line of file ends without a newline
uart.c(34): warning:  #167-D: argument of type "u8 *" is incompatible with parameter of type "char *"
uart.c(12): warning:  #177-D: variable "ch" was declared but never referenced
uart.c(13): warning:  #177-D: variable "sec" was declared but never referenced
uart.c(13): warning:  #177-D: variable "bps" was declared but never referenced
linking...
Program Size: Code=2144 RO-data=16 RW-data=0 ZI-data=2344  
FromELF: creating hex file...
"uart2.axf" - 0 Error(s), 7 Warning(s).
Rebuild target 'Target 1'
assembling Startup.s...
compiling uart.c...
uart.h(27): warning:  #69-D: integer conversion resulted in truncation
uart.h(35): warning:  #1-D: last line of file ends without a newline
delay.h(33): warning:  #1-D: last line of file ends without a newline
uart.c(34): warning:  #167-D: argument of type "u8 *" is incompatible with parameter of type "char *"
uart.c(12): warning:  #177-D: variable "ch" was declared but never referenced
uart.c(13): warning:  #177-D: variable "sec" was declared but never referenced
uart.c(13): warning:  #177-D: variable "bps" was declared but never referenced
linking...
Program Size: Code=2144 RO-data=16 RW-data=0 ZI-data=2344  
FromELF: creating hex file...
"uart2.axf" - 0 Error(s), 7 Warning(s).
Rebuild target 'Target 1'
assembling Startup.s...
compiling uart.c...
uart.h(27): warning:  #69-D: integer conversion resulted in truncation
uart.h(35): warning:  #1-D: last line of file ends without a newline
delay.h(33): warning:  #1-D: last line of file ends without a newline
uart.c(34): warning:  #167-D: argument of type "u8 *" is incompatible with parameter of type "char *"
uart.c(12): warning:  #177-D: variable "ch" was declared but never referenced
uart.c(13): warning:  #177-D: variable "sec" was declared but never referenced
uart.c(13): warning:  #177-D: variable "bps" was declared but never referenced
linking...
Program Size: Code=2144 RO-data=16 RW-data=0 ZI-data=2344  
FromELF: creating hex file...
"uart2.axf" - 0 Error(s), 7 Warning(s).
Build target 'Target 1'
compiling uart.c...
uart.h(27): warning:  #69-D: integer conversion resulted in truncation
uart.h(35): warning:  #1-D: last line of file ends without a newline
delay.h(33): warning:  #1-D: last line of file ends without a newline
uart.c(12): warning:  #177-D: variable "ch" was declared but never referenced
uart.c(12): warning:  #177-D: variable "p" was declared but never referenced
uart.c(13): warning:  #177-D: variable "sec" was declared but never referenced
uart.c(13): warning:  #177-D: variable "bps" was declared but never referenced
uart.c(30): error:  #169: expected a declaration
uart.c(33): warning:  #12-D: parsing restarts here after previous syntax error
uart.c(34): error:  #757: variable "p" is not a type name
uart.c(34): error:  #18: expected a ")"
uart.c(34): warning:  #77-D: this declaration has no storage class or type specifier
uart.c(34): error:  #147: declaration is incompatible with "void s_tx(char *)" (declared at line 9 of "uart.h")
uart.c(48): error:  #169: expected a declaration
Target not created
Rebuild target 'Target 1'
assembling Startup.s...
compiling uart.c...
uart.h(27): warning:  #69-D: integer conversion resulted in truncation
uart.h(35): warning:  #1-D: last line of file ends without a newline
delay.h(33): warning:  #1-D: last line of file ends without a newline
uart.c(34): warning:  #167-D: argument of type "u8 *" is incompatible with parameter of type "char *"
uart.c(12): warning:  #177-D: variable "ch" was declared but never referenced
uart.c(13): warning:  #177-D: variable "sec" was declared but never referenced
uart.c(13): warning:  #177-D: variable "bps" was declared but never referenced
uart.c(13): warning:  #177-D: variable "k" was declared but never referenced
linking...
Program Size: Code=2084 RO-data=16 RW-data=0 ZI-data=2344  
FromELF: creating hex file...
"uart2.axf" - 0 Error(s), 8 Warning(s).
Rebuild target 'Target 1'
assembling Startup.s...
compiling uart.c...
uart.h(27): warning:  #69-D: integer conversion resulted in truncation
uart.h(35): warning:  #1-D: last line of file ends without a newline
delay.h(33): warning:  #1-D: last line of file ends without a newline
uart.c(34): warning:  #167-D: argument of type "u8 *" is incompatible with parameter of type "char *"
uart.c(12): warning:  #177-D: variable "ch" was declared but never referenced
uart.c(13): warning:  #177-D: variable "sec" was declared but never referenced
uart.c(13): warning:  #177-D: variable "bps" was declared but never referenced
uart.c(13): warning:  #177-D: variable "k" was declared but never referenced
linking...
Program Size: Code=2084 RO-data=16 RW-data=0 ZI-data=2344  
FromELF: creating hex file...
"uart2.axf" - 0 Error(s), 8 Warning(s).
Rebuild target 'Target 1'
assembling Startup.s...
compiling uart.c...
uart.h(27): warning:  #69-D: integer conversion resulted in truncation
uart.h(35): warning:  #1-D: last line of file ends without a newline
delay.h(33): warning:  #1-D: last line of file ends without a newline
uart.c(35): warning:  #167-D: argument of type "u8 *" is incompatible with parameter of type "char *"
uart.c(12): warning:  #177-D: variable "ch" was declared but never referenced
uart.c(13): warning:  #177-D: variable "sec" was declared but never referenced
uart.c(13): warning:  #177-D: variable "bps" was declared but never referenced
uart.c(13): warning:  #177-D: variable "k" was declared but never referenced
linking...
Program Size: Code=2112 RO-data=16 RW-data=0 ZI-data=2344  
FromELF: creating hex file...
"uart2.axf" - 0 Error(s), 8 Warning(s).
Rebuild target 'Target 1'
assembling Startup.s...
compiling uart.c...
uart.h(27): warning:  #69-D: integer conversion resulted in truncation
uart.h(35): warning:  #1-D: last line of file ends without a newline
delay.h(33): warning:  #1-D: last line of file ends without a newline
uart.c(35): warning:  #167-D: argument of type "u8 *" is incompatible with parameter of type "char *"
uart.c(12): warning:  #177-D: variable "ch" was declared but never referenced
uart.c(13): warning:  #177-D: variable "sec" was declared but never referenced
uart.c(13): warning:  #177-D: variable "bps" was declared but never referenced
uart.c(13): warning:  #177-D: variable "k" was declared but never referenced
linking...
Program Size: Code=2108 RO-data=16 RW-data=0 ZI-data=2344  
FromELF: creating hex file...
"uart2.axf" - 0 Error(s), 8 Warning(s).
Rebuild target 'Target 1'
assembling Startup.s...
compiling uart.c...
uart.h(27): warning:  #69-D: integer conversion resulted in truncation
uart.h(35): warning:  #1-D: last line of file ends without a newline
delay.h(33): warning:  #1-D: last line of file ends without a newline
uart.c(35): warning:  #167-D: argument of type "u8 *" is incompatible with parameter of type "char *"
uart.c(12): warning:  #177-D: variable "ch" was declared but never referenced
uart.c(13): warning:  #177-D: variable "sec" was declared but never referenced
uart.c(13): warning:  #177-D: variable "bps" was declared but never referenced
uart.c(13): warning:  #177-D: variable "k" was declared but never referenced
linking...
Program Size: Code=2104 RO-data=16 RW-data=0 ZI-data=2344  
FromELF: creating hex file...
"uart2.axf" - 0 Error(s), 8 Warning(s).
Rebuild target 'Target 1'
assembling Startup.s...
compiling uart.c...
uart.h(27): warning:  #69-D: integer conversion resulted in truncation
uart.h(35): warning:  #1-D: last line of file ends without a newline
delay.h(33): warning:  #1-D: last line of file ends without a newline
uart.c(35): warning:  #167-D: argument of type "u8 *" is incompatible with parameter of type "char *"
uart.c(12): warning:  #177-D: variable "ch" was declared but never referenced
uart.c(13): warning:  #177-D: variable "sec" was declared but never referenced
uart.c(13): warning:  #177-D: variable "bps" was declared but never referenced
uart.c(13): warning:  #177-D: variable "k" was declared but never referenced
linking...
Program Size: Code=2084 RO-data=16 RW-data=0 ZI-data=2344  
FromELF: creating hex file...
"uart2.axf" - 0 Error(s), 8 Warning(s).
Build target 'Target 1'
compiling uart.c...
uart.h(27): warning:  #69-D: integer conversion resulted in truncation
uart.h(35): warning:  #1-D: last line of file ends without a newline
delay.h(33): warning:  #1-D: last line of file ends without a newline
uart.c(35): warning:  #167-D: argument of type "u8 *" is incompatible with parameter of type "char *"
uart.c(12): warning:  #177-D: variable "ch" was declared but never referenced
uart.c(13): warning:  #177-D: variable "sec" was declared but never referenced
uart.c(13): warning:  #177-D: variable "bps" was declared but never referenced
uart.c(13): warning:  #177-D: variable "k" was declared but never referenced
linking...
Program Size: Code=2080 RO-data=16 RW-data=0 ZI-data=2344  
FromELF: creating hex file...
"uart2.axf" - 0 Error(s), 8 Warning(s).
Rebuild target 'Target 1'
assembling Startup.s...
compiling uart.c...
uart.h(27): warning:  #69-D: integer conversion resulted in truncation
uart.h(35): warning:  #1-D: last line of file ends without a newline
delay.h(33): warning:  #1-D: last line of file ends without a newline
uart.c(35): warning:  #167-D: argument of type "u8 *" is incompatible with parameter of type "char *"
uart.c(12): warning:  #177-D: variable "ch" was declared but never referenced
uart.c(13): warning:  #177-D: variable "sec" was declared but never referenced
uart.c(13): warning:  #177-D: variable "bps" was declared but never referenced
uart.c(13): warning:  #177-D: variable "k" was declared but never referenced
uart.c(13): warning:  #177-D: variable "ptr" was declared but never referenced
linking...
Program Size: Code=2080 RO-data=16 RW-data=0 ZI-data=2344  
FromELF: creating hex file...
"uart2.axf" - 0 Error(s), 9 Warning(s).
Build target 'Target 1'
compiling uart.c...
uart.h(27): warning:  #69-D: integer conversion resulted in truncation
uart.h(35): warning:  #1-D: last line of file ends without a newline
delay.h(33): warning:  #1-D: last line of file ends without a newline
uart.c(35): warning:  #167-D: argument of type "u8 *" is incompatible with parameter of type "char *"
uart.c(12): warning:  #177-D: variable "ch" was declared but never referenced
uart.c(13): warning:  #177-D: variable "sec" was declared but never referenced
uart.c(13): warning:  #177-D: variable "bps" was declared but never referenced
uart.c(13): warning:  #177-D: variable "k" was declared but never referenced
uart.c(13): warning:  #177-D: variable "ptr" was declared but never referenced
linking...
Program Size: Code=2080 RO-data=16 RW-data=0 ZI-data=2344  
FromELF: creating hex file...
"uart2.axf" - 0 Error(s), 9 Warning(s).
Rebuild target 'Target 1'
assembling Startup.s...
compiling uart.c...
uart.h(27): warning:  #69-D: integer conversion resulted in truncation
uart.h(35): warning:  #1-D: last line of file ends without a newline
delay.h(33): warning:  #1-D: last line of file ends without a newline
uart.c(35): warning:  #167-D: argument of type "u8 *" is incompatible with parameter of type "char *"
uart.c(12): warning:  #177-D: variable "ch" was declared but never referenced
uart.c(13): warning:  #177-D: variable "sec" was declared but never referenced
uart.c(13): warning:  #177-D: variable "bps" was declared but never referenced
uart.c(13): warning:  #177-D: variable "k" was declared but never referenced
uart.c(13): warning:  #177-D: variable "ptr" was declared but never referenced
linking...
Program Size: Code=2080 RO-data=16 RW-data=0 ZI-data=2344  
FromELF: creating hex file...
"uart2.axf" - 0 Error(s), 9 Warning(s).
Rebuild target 'Target 1'
assembling Startup.s...
compiling uart.c...
uart.h(27): warning:  #69-D: integer conversion resulted in truncation
uart.h(35): warning:  #1-D: last line of file ends without a newline
delay.h(33): warning:  #1-D: last line of file ends without a newline
uart.c(35): warning:  #167-D: argument of type "u8 *" is incompatible with parameter of type "char *"
uart.c(12): warning:  #177-D: variable "ch" was declared but never referenced
uart.c(13): warning:  #177-D: variable "sec" was declared but never referenced
uart.c(13): warning:  #177-D: variable "bps" was declared but never referenced
uart.c(13): warning:  #177-D: variable "k" was declared but never referenced
uart.c(13): warning:  #177-D: variable "ptr" was declared but never referenced
linking...
Program Size: Code=2104 RO-data=16 RW-data=0 ZI-data=2344  
FromELF: creating hex file...
"uart2.axf" - 0 Error(s), 9 Warning(s).
Rebuild target 'Target 1'
assembling Startup.s...
compiling uart.c...
uart.h(27): warning:  #69-D: integer conversion resulted in truncation
uart.h(35): warning:  #1-D: last line of file ends without a newline
delay.h(33): warning:  #1-D: last line of file ends without a newline
uart.c(35): warning:  #167-D: argument of type "u8 *" is incompatible with parameter of type "char *"
uart.c(12): warning:  #177-D: variable "ch" was declared but never referenced
uart.c(13): warning:  #177-D: variable "sec" was declared but never referenced
uart.c(13): warning:  #177-D: variable "bps" was declared but never referenced
uart.c(13): warning:  #177-D: variable "k" was declared but never referenced
uart.c(13): warning:  #177-D: variable "ptr" was declared but never referenced
linking...
Program Size: Code=2104 RO-data=16 RW-data=0 ZI-data=2344  
FromELF: creating hex file...
"uart2.axf" - 0 Error(s), 9 Warning(s).
Rebuild target 'Target 1'
assembling Startup.s...
compiling uart.c...
uart.h(27): warning:  #69-D: integer conversion resulted in truncation
uart.h(35): warning:  #1-D: last line of file ends without a newline
delay.h(33): warning:  #1-D: last line of file ends without a newline
uart.c(29): warning:  #68-D: integer conversion resulted in a change of sign
uart.c(35): warning:  #167-D: argument of type "u8 *" is incompatible with parameter of type "char *"
uart.c(12): warning:  #177-D: variable "ch" was declared but never referenced
uart.c(13): warning:  #177-D: variable "sec" was declared but never referenced
uart.c(13): warning:  #177-D: variable "bps" was declared but never referenced
uart.c(13): warning:  #177-D: variable "k" was declared but never referenced
uart.c(13): warning:  #177-D: variable "ptr" was declared but never referenced
linking...
Program Size: Code=2104 RO-data=16 RW-data=0 ZI-data=2344  
FromELF: creating hex file...
"uart2.axf" - 0 Error(s), 10 Warning(s).
Rebuild target 'Target 1'
assembling Startup.s...
compiling uart.c...
uart.h(27): warning:  #69-D: integer conversion resulted in truncation
uart.h(35): warning:  #1-D: last line of file ends without a newline
delay.h(33): warning:  #1-D: last line of file ends without a newline
uart.c(29): warning:  #68-D: integer conversion resulted in a change of sign
uart.c(35): warning:  #167-D: argument of type "u8 *" is incompatible with parameter of type "char *"
uart.c(12): warning:  #177-D: variable "ch" was declared but never referenced
uart.c(13): warning:  #177-D: variable "sec" was declared but never referenced
uart.c(13): warning:  #177-D: variable "bps" was declared but never referenced
uart.c(13): warning:  #177-D: variable "k" was declared but never referenced
uart.c(13): warning:  #177-D: variable "ptr" was declared but never referenced
linking...
Program Size: Code=2104 RO-data=16 RW-data=0 ZI-data=2344  
FromELF: creating hex file...
"uart2.axf" - 0 Error(s), 10 Warning(s).
Rebuild target 'Target 1'
assembling Startup.s...
compiling uart.c...
uart.h(27): warning:  #69-D: integer conversion resulted in truncation
uart.h(35): warning:  #1-D: last line of file ends without a newline
delay.h(33): warning:  #1-D: last line of file ends without a newline
uart.c(35): warning:  #167-D: argument of type "u8 *" is incompatible with parameter of type "char *"
uart.c(12): warning:  #177-D: variable "ch" was declared but never referenced
uart.c(13): warning:  #177-D: variable "sec" was declared but never referenced
uart.c(13): warning:  #177-D: variable "bps" was declared but never referenced
uart.c(13): warning:  #177-D: variable "k" was declared but never referenced
uart.c(13): warning:  #177-D: variable "ptr" was declared but never referenced
linking...
Program Size: Code=2080 RO-data=16 RW-data=0 ZI-data=2344  
FromELF: creating hex file...
"uart2.axf" - 0 Error(s), 9 Warning(s).
Rebuild target 'Target 1'
assembling Startup.s...
compiling uart.c...
uart.h(27): warning:  #69-D: integer conversion resulted in truncation
uart.h(35): warning:  #1-D: last line of file ends without a newline
delay.h(33): warning:  #1-D: last line of file ends without a newline
uart.c(35): warning:  #167-D: argument of type "u8 *" is incompatible with parameter of type "char *"
uart.c(12): warning:  #177-D: variable "ch" was declared but never referenced
uart.c(13): warning:  #177-D: variable "sec" was declared but never referenced
uart.c(13): warning:  #177-D: variable "bps" was declared but never referenced
uart.c(13): warning:  #177-D: variable "k" was declared but never referenced
uart.c(13): warning:  #177-D: variable "ptr" was declared but never referenced
linking...
Program Size: Code=2080 RO-data=16 RW-data=0 ZI-data=2344  
FromELF: creating hex file...
"uart2.axf" - 0 Error(s), 9 Warning(s).
Rebuild target 'Target 1'
assembling Startup.s...
compiling uart.c...
uart.h(27): warning:  #69-D: integer conversion resulted in truncation
uart.h(35): warning:  #1-D: last line of file ends without a newline
delay.h(33): warning:  #1-D: last line of file ends without a newline
uart.c(35): warning:  #167-D: argument of type "u8 *" is incompatible with parameter of type "char *"
uart.c(12): warning:  #177-D: variable "ch" was declared but never referenced
uart.c(13): warning:  #177-D: variable "sec" was declared but never referenced
uart.c(13): warning:  #177-D: variable "bps" was declared but never referenced
uart.c(13): warning:  #177-D: variable "k" was declared but never referenced
uart.c(13): warning:  #177-D: variable "ptr" was declared but never referenced
linking...
Program Size: Code=2080 RO-data=16 RW-data=0 ZI-data=2344  
FromELF: creating hex file...
"uart2.axf" - 0 Error(s), 9 Warning(s).
Rebuild target 'Target 1'
assembling Startup.s...
compiling uart.c...
uart.h(27): warning:  #69-D: integer conversion resulted in truncation
uart.h(35): warning:  #1-D: last line of file ends without a newline
delay.h(33): warning:  #1-D: last line of file ends without a newline
uart.c(35): warning:  #167-D: argument of type "u8 *" is incompatible with parameter of type "char *"
uart.c(12): warning:  #177-D: variable "ch" was declared but never referenced
uart.c(13): warning:  #177-D: variable "sec" was declared but never referenced
uart.c(13): warning:  #177-D: variable "bps" was declared but never referenced
uart.c(13): warning:  #177-D: variable "k" was declared but never referenced
uart.c(13): warning:  #177-D: variable "ptr" was declared but never referenced
linking...
Program Size: Code=2080 RO-data=16 RW-data=0 ZI-data=2344  
FromELF: creating hex file...
"uart2.axf" - 0 Error(s), 9 Warning(s).
Rebuild target 'Target 1'
assembling Startup.s...
compiling uart.c...
uart.h(27): warning:  #69-D: integer conversion resulted in truncation
uart.h(35): warning:  #1-D: last line of file ends without a newline
delay.h(33): warning:  #1-D: last line of file ends without a newline
uart.c(35): warning:  #167-D: argument of type "u8 *" is incompatible with parameter of type "char *"
uart.c(12): warning:  #177-D: variable "ch" was declared but never referenced
uart.c(13): warning:  #177-D: variable "sec" was declared but never referenced
uart.c(13): warning:  #177-D: variable "bps" was declared but never referenced
uart.c(13): warning:  #177-D: variable "k" was declared but never referenced
uart.c(13): warning:  #177-D: variable "ptr" was declared but never referenced
linking...
Program Size: Code=2080 RO-data=16 RW-data=0 ZI-data=2344  
FromELF: creating hex file...
"uart2.axf" - 0 Error(s), 9 Warning(s).
Rebuild target 'Target 1'
assembling Startup.s...
compiling uart.c...
uart.h(27): warning:  #69-D: integer conversion resulted in truncation
uart.h(35): warning:  #1-D: last line of file ends without a newline
delay.h(33): warning:  #1-D: last line of file ends without a newline
uart.c(35): warning:  #167-D: argument of type "u8 *" is incompatible with parameter of type "char *"
uart.c(12): warning:  #177-D: variable "ch" was declared but never referenced
uart.c(13): warning:  #177-D: variable "sec" was declared but never referenced
uart.c(13): warning:  #177-D: variable "bps" was declared but never referenced
uart.c(13): warning:  #177-D: variable "k" was declared but never referenced
[...]
assembling Startup.s...
compiling uart.c...
uart.h(21): warning:  #69-D: integer conversion resulted in truncation
delay.h(32): warning:  #1-D: last line of file ends without a newline
uart.c(53): warning:  #1-D: last line of file ends without a newline
linking...
Program Size: Code=3336 RO-data=32 RW-data=16 ZI-data=2328  
FromELF: creating hex file...
"uart2.axf" - 0 Error(s), 3 Warning(s).
Rebuild target 'Target 1'
assembling Startup.s...
compiling uart.c...
uart.h(21): warning:  #69-D: integer conversion resulted in truncation
delay.h(32): warning:  #1-D: last line of file ends without a newline
uart.c(53): warning:  #1-D: last line of file ends without a newline
linking...
Program Size: Code=3328 RO-data=32 RW-data=16 ZI-data=2328  
FromELF: creating hex file...
"uart2.axf" - 0 Error(s), 3 Warning(s).
Rebuild target 'Target 1'
assembling Startup.s...
compiling uart.c...
uart.h(21): warning:  #69-D: integer conversion resulted in truncation
delay.h(32): warning:  #1-D: last line of file ends without a newline
uart.c(53): warning:  #1-D: last line of file ends without a newline
linking...
Program Size: Code=3336 RO-data=32 RW-data=16 ZI-data=2328  
FromELF: creating hex file...
"uart2.axf" - 0 Error(s), 3 Warning(s).
Rebuild target 'Target 1'
assembling Startup.s...
compiling uart.c...
uart.h(21): warning:  #69-D: integer conversion resulted in truncation
delay.h(32): warning:  #1-D: last line of file ends without a newline
uart.c(13): error:  #65: expected a ";"
uart.c(37): error:  #20: identifier "ptr" is undefined
uart.c(42): error:  #20: identifier "ptr" is undefined
uart.c(53): warning:  #1-D: last line of file ends without a newline
Target not created
Rebuild target 'Target 1'
assembling Startup.s...
compiling uart.c...
uart.h(21): warning:  #69-D: integer conversion resulted in truncation
delay.h(32): warning:  #1-D: last line of file ends without a newline
uart.c(53): warning:  #1-D: last line of file ends without a newline
linking...
Program Size: Code=3340 RO-data=32 RW-data=16 ZI-data=2328  
FromELF: creating hex file...
"uart2.axf" - 0 Error(s), 3 Warning(s).
Rebuild target 'Target 1'
assembling Startup.s...
compiling uart.c...
uart.h(21): warning:  #69-D: integer conversion resulted in truncation
delay.h(32): warning:  #1-D: last line of file ends without a newline
uart.c(14): warning:  #177-D: variable "k" was declared but never referenced
uart.c(57): warning:  #1-D: last line of file ends without a newline
linking...
Program Size: Code=3280 RO-data=32 RW-data=16 ZI-data=2328  
FromELF: creating hex file...
"uart2.axf" - 0 Error(s), 4 Warning(s).
Rebuild target 'Target 1'
assembling Startup.s...
compiling uart.c...
uart.h(21): warning:  #69-D: integer conversion resulted in truncation
delay.h(32): warning:  #1-D: last line of file ends without a newline
uart.c(14): warning:  #177-D: variable "k" was declared but never referenced
uart.c(57): warning:  #1-D: last line of file ends without a newline
linking...
Program Size: Code=3280 RO-data=32 RW-data=16 ZI-data=2328  
FromELF: creating hex file...
"uart2.axf" - 0 Error(s), 4 Warning(s).
Rebuild target 'Target 1'
assembling Startup.s...
compiling uart.c...
uart.h(21): warning:  #69-D: integer conversion resulted in truncation
delay.h(32): warning:  #1-D: last line of file ends without a newline
uart.c(13): warning:  #177-D: variable "ptr" was declared but never referenced
uart.c(14): warning:  #177-D: variable "k" was declared but never referenced
uart.c(57): warning:  #1-D: last line of file ends without a newline
linking...
Program Size: Code=3280 RO-data=32 RW-data=16 ZI-data=2328  
FromELF: creating hex file...
"uart2.axf" - 0 Error(s), 5 Warning(s).
Rebuild target 'Target 1'
assembling Startup.s...
compiling uart.c...
uart.h(21): warning:  #69-D: integer conversion resulted in truncation
delay.h(32): warning:  #1-D: last line of file ends without a newline
uart.c(13): warning:  #177-D: variable "ptr" was declared but never referenced
uart.c(14): warning:  #177-D: variable "k" was declared but never referenced
uart.c(57): warning:  #1-D: last line of file ends without a newline
linking...
Program Size: Code=3280 RO-data=32 RW-data=16 ZI-data=2328  
FromELF: creating hex file...
"uart2.axf" - 0 Error(s), 5 Warning(s).
Rebuild target 'Target 1'
assembling Startup.s...
compiling uart.c...
uart.h(21): warning:  #69-D: integer conversion resulted in truncation
delay.h(32): warning:  #1-D: last line of file ends without a newline
uart.c(13): warning:  #177-D: variable "ptr" was declared but never referenced
uart.c(14): warning:  #177-D: variable "k" was declared but never referenced
uart.c(57): warning:  #1-D: last line of file ends without a newline
linking...
Program Size: Code=3280 RO-data=32 RW-data=16 ZI-data=2328  
FromELF: creating hex file...
"uart2.axf" - 0 Error(s), 5 Warning(s).
Rebuild target 'Target 1'
assembling Startup.s...
compiling uart.c...
uart.h(21): warning:  #69-D: integer conversion resulted in truncation
delay.h(32): warning:  #1-D: last line of file ends without a newline
uart.c(13): warning:  #177-D: variable "ptr" was declared but never referenced
uart.c(14): warning:  #177-D: variable "k" was declared but never referenced
uart.c(57): warning:  #1-D: last line of file ends without a newline
linking...
Program Size: Code=3280 RO-data=32 RW-data=16 ZI-data=2328  
FromELF: creating hex file...
"uart2.axf" - 0 Error(s), 5 Warning(s).
Rebuild target 'Target 1'
assembling Startup.s...
compiling uart.c...
uart.h(21): warning:  #69-D: integer conversion resulted in truncation
delay.h(32): warning:  #1-D: last line of file ends without a newline
uart.c(13): warning:  #177-D: variable "ptr" was declared but never referenced
uart.c(14): warning:  #177-D: variable "k" was declared but never referenced
uart.c(57): warning:  #1-D: last line of file ends without a newline
linking...
Program Size: Code=3280 RO-data=32 RW-data=16 ZI-data=2328  
FromELF: creating hex file...
"uart2.axf" - 0 Error(s), 5 Warning(s).
Rebuild target 'Target 1'
assembling Startup.s...
compiling uart.c...
uart.h(21): warning:  #69-D: integer conversion resulted in truncation
delay.h(32): warning:  #1-D: last line of file ends without a newline
uart.c(13): warning:  #177-D: variable "ptr" was declared but never referenced
uart.c(14): warning:  #177-D: variable "k" was declared but never referenced
uart.c(57): warning:  #1-D: last line of file ends without a newline
linking...
Program Size: Code=3280 RO-data=32 RW-data=16 ZI-data=2328  
FromELF: creating hex file...
"uart2.axf" - 0 Error(s), 5 Warning(s).
Rebuild target 'Target 1'
assembling Startup.s...
compiling uart.c...
uart.h(21): warning:  #69-D: integer conversion resulted in truncation
delay.h(32): warning:  #1-D: last line of file ends without a newline
uart.c(13): warning:  #177-D: variable "ptr" was declared but never referenced
uart.c(14): warning:  #177-D: variable "k" was declared but never referenced
uart.c(57): warning:  #1-D: last line of file ends without a newline
linking...
Program Size: Code=3280 RO-data=32 RW-data=16 ZI-data=2328  
FromELF: creating hex file...
"uart2.axf" - 0 Error(s), 5 Warning(s).
Rebuild target 'Target 1'
assembling Startup.s...
compiling uart.c...
uart.h(21): warning:  #69-D: integer conversion resulted in truncation
delay.h(32): warning:  #1-D: last line of file ends without a newline
uart.c(13): warning:  #177-D: variable "ptr" was declared but never referenced
uart.c(14): warning:  #177-D: variable "k" was declared but never referenced
uart.c(57): warning:  #1-D: last line of file ends without a newline
linking...
Program Size: Code=3280 RO-data=32 RW-data=16 ZI-data=2328  
FromELF: creating hex file...
"uart2.axf" - 0 Error(s), 5 Warning(s).
Rebuild target 'Target 1'
assembling Startup.s...
compiling uart.c...
uart.h(21): warning:  #69-D: integer conversion resulted in truncation
delay.h(32): warning:  #1-D: last line of file ends without a newline
uart.c(13): warning:  #177-D: variable "ptr" was declared but never referenced
uart.c(14): warning:  #177-D: variable "k" was declared but never referenced
uart.c(58): warning:  #1-D: last line of file ends without a newline
linking...
Program Size: Code=3300 RO-data=32 RW-data=16 ZI-data=2328  
FromELF: creating hex file...
"uart2.axf" - 0 Error(s), 5 Warning(s).
Rebuild target 'Target 1'
assembling Startup.s...
compiling uart.c...
uart.h(21): warning:  #69-D: integer conversion resulted in truncation
delay.h(32): warning:  #1-D: last line of file ends without a newline
uart.c(53): warning:  #1-D: last line of file ends without a newline
linking...
Program Size: Code=3336 RO-data=32 RW-data=16 ZI-data=2328  
FromELF: creating hex file...
"uart2.axf" - 0 Error(s), 3 Warning(s).
Rebuild target 'Target 1'
assembling Startup.s...
compiling uart.c...
uart.h(21): warning:  #69-D: integer conversion resulted in truncation
delay.h(32): warning:  #1-D: last line of file ends without a newline
uart.c(53): warning:  #1-D: last line of file ends without a newline
linking...
Program Size: Code=3336 RO-data=32 RW-data=16 ZI-data=2328  
FromELF: creating hex file...
"uart2.axf" - 0 Error(s), 3 Warning(s).
Rebuild target 'Target 1'
assembling Startup.s...
compiling uart.c...
uart.h(21): warning:  #69-D: integer conversion resulted in truncation
delay.h(32): warning:  #1-D: last line of file ends without a newline
uart.c(53): warning:  #1-D: last line of file ends without a newline
linking...
Program Size: Code=3320 RO-data=32 RW-data=16 ZI-data=2328  
FromELF: creating hex file...
"uart2.axf" - 0 Error(s), 3 Warning(s).
Rebuild target 'Target 1'
assembling Startup.s...
compiling uart.c...
uart.h(21): warning:  #69-D: integer conversion resulted in truncation
delay.h(32): warning:  #1-D: last line of file ends without a newline
uart.c(53): warning:  #1-D: last line of file ends without a newline
linking...
Program Size: Code=3336 RO-data=32 RW-data=16 ZI-data=2328  
FromELF: creating hex file...
"uart2.axf" - 0 Error(s), 3 Warning(s).
Rebuild target 'Target 1'
assembling Startup.s...
compiling uart.c...
uart.h(21): warning:  #69-D: integer conversion resulted in truncation
delay.h(32): warning:  #1-D: last line of file ends without a newline
uart.c(43): warning:  #167-D: argument of type "u8 *" is incompatible with parameter of type "char *"
uart.c(53): warning:  #1-D: last line of file ends without a newline
linking...
Program Size: Code=3344 RO-data=32 RW-data=16 ZI-data=2328  
FromELF: creating hex file...
"uart2.axf" - 0 Error(s), 4 Warning(s).
Rebuild target 'Target 1'
assembling Startup.s...
compiling uart.c...
uart.h(21): warning:  #69-D: integer conversion resulted in truncation
delay.h(32): warning:  #1-D: last line of file ends without a newline
uart.c(43): warning:  #167-D: argument of type "u8 *" is incompatible with parameter of type "char *"
uart.c(50): warning:  #1441-D: nonstandard cast on lvalue
uart.c(53): warning:  #1-D: last line of file ends without a newline
linking...
Program Size: Code=4168 RO-data=32 RW-data=16 ZI-data=2328  
FromELF: creating hex file...
"uart2.axf" - 0 Error(s), 5 Warning(s).
Rebuild target 'Target 1'
assembling Startup.s...
compiling uart.c...
uart.h(21): warning:  #69-D: integer conversion resulted in truncation
delay.h(32): warning:  #1-D: last line of file ends without a newline
uart.c(43): warning:  #167-D: argument of type "u8 *" is incompatible with parameter of type "char *"
uart.c(50): warning:  #1441-D: nonstandard cast on lvalue
uart.c(53): warning:  #1-D: last line of file ends without a newline
linking...
Program Size: Code=4616 RO-data=32 RW-data=16 ZI-data=2328  
FromELF: creating hex file...
"uart2.axf" - 0 Error(s), 5 Warning(s).
Rebuild target 'Target 1'
assembling Startup.s...
compiling uart.c...
uart.h(21): warning:  #69-D: integer conversion resulted in truncation
delay.h(32): warning:  #1-D: last line of file ends without a newline
uart.c(43): warning:  #167-D: argument of type "u8 *" is incompatible with parameter of type "char *"
uart.c(50): warning:  #1441-D: nonstandard cast on lvalue
uart.c(53): warning:  #1-D: last line of file ends without a newline
linking...
Program Size: Code=6760 RO-data=32 RW-data=16 ZI-data=2328  
FromELF: creating hex file...
"uart2.axf" - 0 Error(s), 5 Warning(s).
Rebuild target 'Target 1'
assembling Startup.s...
compiling uart.c...
uart.h(21): warning:  #69-D: integer conversion resulted in truncation
delay.h(32): warning:  #1-D: last line of file ends without a newline
uart.c(43): warning:  #167-D: argument of type "u8 *" is incompatible with parameter of type "char *"
uart.c(53): warning:  #1-D: last line of file ends without a newline
linking...
Program Size: Code=6760 RO-data=32 RW-data=16 ZI-data=2328  
FromELF: creating hex file...
"uart2.axf" - 0 Error(s), 4 Warning(s).
Rebuild target 'Target 1'
assembling Startup.s...
compiling uart.c...
uart.h(21): warning:  #69-D: integer conversion resulted in truncation
delay.h(32): warning:  #1-D: last line of file ends without a newline
uart.c(39): warning:  #167-D: argument of type "u8 *" is incompatible with parameter of type "char *"
uart.c(49): warning:  #1-D: last line of file ends without a newline
linking...
Program Size: Code=7208 RO-data=32 RW-data=16 ZI-data=2328  
FromELF: creating hex file...
"uart2.axf" - 0 Error(s), 4 Warning(s).
Rebuild target 'Target 1'
assembling Startup.s...
compiling uart.c...
uart.h(21): warning:  #69-D: integer conversion resulted in truncation
delay.h(32): warning:  #1-D: last line of file ends without a newline
uart.c(39): warning:  #167-D: argument of type "u8 *" is incompatible with parameter of type "char *"
uart.c(49): warning:  #1-D: last line of file ends without a newline
linking...
Program Size: Code=7208 RO-data=32 RW-data=16 ZI-data=2328  
FromELF: creating hex file...
"uart2.axf" - 0 Error(s), 4 Warning(s).
Rebuild target 'Target 1'
assembling Startup.s...
compiling uart.c...
uart.h(21): warning:  #69-D: integer conversion resulted in truncation
delay.h(32): warning:  #1-D: last line of file ends without a newline
uart.c(39): warning:  #167-D: argument of type "u8 *" is incompatible with parameter of type "char *"
uart.c(49): warning:  #1-D: last line of file ends without a newline
linking...
Program Size: Code=7208 RO-data=32 RW-data=16 ZI-data=2328  
FromELF: creating hex file...
"uart2.axf" - 0 Error(s), 4 Warning(s).
Rebuild target 'Target 1'
assembling Startup.s...
compiling uart.c...
uart.h(21): warning:  #69-D: integer conversion resulted in truncation
delay.h(32): warning:  #1-D: last line of file ends without a newline
uart.c(39): warning:  #167-D: argument of type "u8 *" is incompatible with parameter of type "char *"
uart.c(49): warning:  #1-D: last line of file ends without a newline
linking...
Program Size: Code=7204 RO-data=32 RW-data=16 ZI-data=2328  
FromELF: creating hex file...
"uart2.axf" - 0 Error(s), 4 Warning(s).
Rebuild target 'Target 1'
assembling Startup.s...
compiling uart.c...
uart.h(21): warning:  #69-D: integer conversion resulted in truncation
delay.h(32): warning:  #1-D: last line of file ends without a newline
uart.c(39): warning:  #167-D: argument of type "u8 *" is incompatible with parameter of type "char *"
uart.c(50): warning:  #1-D: last line of file ends without a newline
linking...
Program Size: Code=7212 RO-data=32 RW-data=16 ZI-data=2328  
FromELF: creating hex file...
"uart2.axf" - 0 Error(s), 4 Warning(s).
Rebuild target 'Target 1'
assembling Startup.s...
compiling uart.c...
uart.h(21): warning:  #69-D: integer conversion resulted in truncation
delay.h(32): warning:  #1-D: last line of file ends without a newline
uart.c(40): warning:  #167-D: argument of type "u8 *" is incompatible with parameter of type "char *"
uart.c(51): warning:  #1-D: last line of file ends without a newline
linking...
Program Size: Code=7224 RO-data=32 RW-data=16 ZI-data=2328  
FromELF: creating hex file...
"uart2.axf" - 0 Error(s), 4 Warning(s).
Rebuild target 'Target 1'
assembling Startup.s...
compiling uart.c...
uart.h(21): warning:  #69-D: integer conversion resulted in truncation
delay.h(32): warning:  #1-D: last line of file ends without a newline
uart.c(9): error:  #40: expected an identifier
uart.c(40): warning:  #167-D: argument of type "u8 *" is incompatible with parameter of type "char *"
uart.c(50): warning:  #1-D: last line of file ends without a newline
Target not created
Rebuild target 'Target 1'
assembling Startup.s...
compiling uart.c...
uart.h(21): warning:  #69-D: integer conversion resulted in truncation
delay.h(32): warning:  #1-D: last line of file ends without a newline
uart.c(9): error:  #40: expected an identifier
uart.c(40): warning:  #167-D: argument of type "u8 *" is incompatible with parameter of type "char *"
uart.c(50): warning:  #1-D: last line of file ends without a newline
Target not created
Rebuild target 'Target 1'
assembling Startup.s...
compiling uart.c...
uart.h(21): warning:  #69-D: integer conversion resulted in truncation
delay.h(32): warning:  #1-D: last line of file ends without a newline
uart.c(9): error:  #40: expected an identifier
uart.c(40): warning:  #167-D: argument of type "u8 *" is incompatible with parameter of type "char *"
uart.c(50): warning:  #1-D: last line of file ends without a newline
Target not created
Rebuild target 'Target 1'
assembling Startup.s...
compiling uart.c...
uart.h(21): warning:  #69-D: integer conversion resulted in truncation
delay.h(32): warning:  #1-D: last line of file ends without a newline
uart.c(40): warning:  #167-D: argument of type "u8 *" is incompatible with parameter of type "char *"
uart.c(50): warning:  #1-D: last line of file ends without a newline
linking...
Program Size: Code=7244 RO-data=32 RW-data=16 ZI-data=2328  
FromELF: creating hex file...
"uart2.axf" - 0 Error(s), 4 Warning(s).
Rebuild target 'Target 1'
assembling Startup.s...
compiling uart.c...
uart.h(21): warning:  #69-D: integer conversion resulted in truncation
delay.h(32): warning:  #1-D: last line of file ends without a newline
uart.c(39): warning:  #167-D: argument of type "u8 *" is incompatible with parameter of type "char *"
uart.c(49): warning:  #1-D: last line of file ends without a newline
linking...
Program Size: Code=7236 RO-data=32 RW-data=16 ZI-data=2328  
FromELF: creating hex file...
"uart2.axf" - 0 Error(s), 4 Warning(s).
Rebuild target 'Target 1'
assembling Startup.s...
compiling uart.c...
uart.h(21): warning:  #69-D: integer conversion resulted in truncation
delay.h(32): warning:  #1-D: last line of file ends without a newline
uart.c(39): warning:  #167-D: argument of type "u8 *" is incompatible with parameter of type "char *"
uart.c(49): warning:  #1-D: last line of file ends without a newline
linking...
Program Size: Code=7232 RO-data=32 RW-data=16 ZI-data=2328  
FromELF: creating hex file...
"uart2.axf" - 0 Error(s), 4 Warning(s).
Rebuild target 'Target 1'
assembling Startup.s...
compiling uart.c...
uart.h(21): warning:  #69-D: integer conversion resulted in truncation
delay.h(32): warning:  #1-D: last line of file ends without a newline
uart.c(39): warning:  #167-D: argument of type "u8 *" is incompatible with parameter of type "char *"
uart.c(49): warning:  #1-D: last line of file ends without a newline
linking...
Program Size: Code=6740 RO-data=32 RW-data=16 ZI-data=2328  
FromELF: creating hex file...
"uart2.axf" - 0 Error(s), 4 Warning(s).
Rebuild target 'Target 1'
assembling Startup.s...
compiling uart.c...
uart.h(21): warning:  #69-D: integer conversion resulted in truncation
delay.h(32): warning:  #1-D: last line of file ends without a newline
uart.c(24): warning:  #187-D: use of "=" where "==" may have been intended
uart.c(42): warning:  #167-D: argument of type "u8 *" is incompatible with parameter of type "char *"
uart.c(52): warning:  #1-D: last line of file ends without a newline
linking...
Program Size: Code=7208 RO-data=32 RW-data=16 ZI-data=2328  
FromELF: creating hex file...
"uart2.axf" - 0 Error(s), 5 Warning(s).
